Archive member included to satisfy reference by file (symbol)

c:/st/stm32cubeide_1.3.0/stm32cubeide/plugins/com.st.stm32cube.ide.mcu.externaltools.gnu-tools-for-stm32.9-2020-q2-update.win32_1.5.0.202011040924/tools/bin/../lib/gcc/arm-none-eabi/9.3.1/../../../../arm-none-eabi/lib/thumb/v7e-m+fp/hard\libc_nano.a(lib_a-errno.o)
                              Application/User/Core/syscalls.o (__errno)
c:/st/stm32cubeide_1.3.0/stm32cubeide/plugins/com.st.stm32cube.ide.mcu.externaltools.gnu-tools-for-stm32.9-2020-q2-update.win32_1.5.0.202011040924/tools/bin/../lib/gcc/arm-none-eabi/9.3.1/../../../../arm-none-eabi/lib/thumb/v7e-m+fp/hard\libc_nano.a(lib_a-exit.o)
                              c:/st/stm32cubeide_1.3.0/stm32cubeide/plugins/com.st.stm32cube.ide.mcu.externaltools.gnu-tools-for-stm32.9-2020-q2-update.win32_1.5.0.202011040924/tools/bin/../lib/gcc/arm-none-eabi/9.3.1/../../../../arm-none-eabi/lib/thumb/v7e-m+fp/hard/crt0.o (exit)
c:/st/stm32cubeide_1.3.0/stm32cubeide/plugins/com.st.stm32cube.ide.mcu.externaltools.gnu-tools-for-stm32.9-2020-q2-update.win32_1.5.0.202011040924/tools/bin/../lib/gcc/arm-none-eabi/9.3.1/../../../../arm-none-eabi/lib/thumb/v7e-m+fp/hard\libc_nano.a(lib_a-impure.o)
                              c:/st/stm32cubeide_1.3.0/stm32cubeide/plugins/com.st.stm32cube.ide.mcu.externaltools.gnu-tools-for-stm32.9-2020-q2-update.win32_1.5.0.202011040924/tools/bin/../lib/gcc/arm-none-eabi/9.3.1/../../../../arm-none-eabi/lib/thumb/v7e-m+fp/hard\libc_nano.a(lib_a-exit.o) (_global_impure_ptr)
c:/st/stm32cubeide_1.3.0/stm32cubeide/plugins/com.st.stm32cube.ide.mcu.externaltools.gnu-tools-for-stm32.9-2020-q2-update.win32_1.5.0.202011040924/tools/bin/../lib/gcc/arm-none-eabi/9.3.1/../../../../arm-none-eabi/lib/thumb/v7e-m+fp/hard\libc_nano.a(lib_a-init.o)
                              c:/st/stm32cubeide_1.3.0/stm32cubeide/plugins/com.st.stm32cube.ide.mcu.externaltools.gnu-tools-for-stm32.9-2020-q2-update.win32_1.5.0.202011040924/tools/bin/../lib/gcc/arm-none-eabi/9.3.1/../../../../arm-none-eabi/lib/thumb/v7e-m+fp/hard/crt0.o (__libc_init_array)
c:/st/stm32cubeide_1.3.0/stm32cubeide/plugins/com.st.stm32cube.ide.mcu.externaltools.gnu-tools-for-stm32.9-2020-q2-update.win32_1.5.0.202011040924/tools/bin/../lib/gcc/arm-none-eabi/9.3.1/../../../../arm-none-eabi/lib/thumb/v7e-m+fp/hard\libc_nano.a(lib_a-memcmp.o)
                              Middlewares/STM32_WPAN/osal.o (memcmp)
c:/st/stm32cubeide_1.3.0/stm32cubeide/plugins/com.st.stm32cube.ide.mcu.externaltools.gnu-tools-for-stm32.9-2020-q2-update.win32_1.5.0.202011040924/tools/bin/../lib/gcc/arm-none-eabi/9.3.1/../../../../arm-none-eabi/lib/thumb/v7e-m+fp/hard\libc_nano.a(lib_a-memcpy-stub.o)
                              Middlewares/STM32_WPAN/hci_tl.o (memcpy)
c:/st/stm32cubeide_1.3.0/stm32cubeide/plugins/com.st.stm32cube.ide.mcu.externaltools.gnu-tools-for-stm32.9-2020-q2-update.win32_1.5.0.202011040924/tools/bin/../lib/gcc/arm-none-eabi/9.3.1/../../../../arm-none-eabi/lib/thumb/v7e-m+fp/hard\libc_nano.a(lib_a-memset.o)
                              c:/st/stm32cubeide_1.3.0/stm32cubeide/plugins/com.st.stm32cube.ide.mcu.externaltools.gnu-tools-for-stm32.9-2020-q2-update.win32_1.5.0.202011040924/tools/bin/../lib/gcc/arm-none-eabi/9.3.1/../../../../arm-none-eabi/lib/thumb/v7e-m+fp/hard/crt0.o (memset)
c:/st/stm32cubeide_1.3.0/stm32cubeide/plugins/com.st.stm32cube.ide.mcu.externaltools.gnu-tools-for-stm32.9-2020-q2-update.win32_1.5.0.202011040924/tools/bin/../lib/gcc/arm-none-eabi/9.3.1/../../../../arm-none-eabi/lib/thumb/v7e-m+fp/hard\libc_nano.a(lib_a-printf.o)
                              Application/User/STM32_WPAN/App/app_ble.o (printf)
c:/st/stm32cubeide_1.3.0/stm32cubeide/plugins/com.st.stm32cube.ide.mcu.externaltools.gnu-tools-for-stm32.9-2020-q2-update.win32_1.5.0.202011040924/tools/bin/../lib/gcc/arm-none-eabi/9.3.1/../../../../arm-none-eabi/lib/thumb/v7e-m+fp/hard\libc_nano.a(lib_a-putchar.o)
                              Application/User/STM32_WPAN/App/p2p_routeur_app.o (putchar)
c:/st/stm32cubeide_1.3.0/stm32cubeide/plugins/com.st.stm32cube.ide.mcu.externaltools.gnu-tools-for-stm32.9-2020-q2-update.win32_1.5.0.202011040924/tools/bin/../lib/gcc/arm-none-eabi/9.3.1/../../../../arm-none-eabi/lib/thumb/v7e-m+fp/hard\libc_nano.a(lib_a-puts.o)
                              Application/User/STM32_WPAN/App/app_ble.o (puts)
c:/st/stm32cubeide_1.3.0/stm32cubeide/plugins/com.st.stm32cube.ide.mcu.externaltools.gnu-tools-for-stm32.9-2020-q2-update.win32_1.5.0.202011040924/tools/bin/../lib/gcc/arm-none-eabi/9.3.1/../../../../arm-none-eabi/lib/thumb/v7e-m+fp/hard\libc_nano.a(lib_a-strlen.o)
                              Application/User/STM32_WPAN/App/app_ble.o (strlen)
c:/st/stm32cubeide_1.3.0/stm32cubeide/plugins/com.st.stm32cube.ide.mcu.externaltools.gnu-tools-for-stm32.9-2020-q2-update.win32_1.5.0.202011040924/tools/bin/../lib/gcc/arm-none-eabi/9.3.1/../../../../arm-none-eabi/lib/thumb/v7e-m+fp/hard\libc_nano.a(lib_a-strrchr.o)
[...]
Memory Configuration

Name             Origin             Length             Attributes
FLASH            0x0000000008000000 0x0000000000080000 xr
RAM1             0x0000000020000004 0x000000000002fffc xrw
RAM_SHARED       0x0000000020030000 0x0000000000002800 xrw
*default*        0x0000000000000000 0xffffffffffffffff

Linker script and memory map

LOAD c:/st/stm32cubeide_1.3.0/stm32cubeide/plugins/com.st.stm32cube.ide.mcu.externaltools.gnu-tools-for-stm32.9-2020-q2-update.win32_1.5.0.202011040924/tools/bin/../lib/gcc/arm-none-eabi/9.3.1/thumb/v7e-m+fp/hard/crti.o
LOAD c:/st/stm32cubeide_1.3.0/stm32cubeide/plugins/com.st.stm32cube.ide.mcu.externaltools.gnu-tools-for-stm32.9-2020-q2-update.win32_1.5.0.202011040924/tools/bin/../lib/gcc/arm-none-eabi/9.3.1/thumb/v7e-m+fp/hard/crtbegin.o
LOAD c:/st/stm32cubeide_1.3.0/stm32cubeide/plugins/com.st.stm32cube.ide.mcu.externaltools.gnu-tools-for-stm32.9-2020-q2-update.win32_1.5.0.202011040924/tools/bin/../lib/gcc/arm-none-eabi/9.3.1/../../../../arm-none-eabi/lib/thumb/v7e-m+fp/hard/crt0.o
LOAD Application/Startup/startup_stm32wb55rgvx.o
LOAD Application/User/Core/app_debug.o
LOAD Application/User/Core/app_entry.o
LOAD Application/User/Core/hw_timerserver.o
LOAD Application/User/Core/hw_uart.o
LOAD Application/User/Core/main.o
LOAD Application/User/Core/stm32_lpm_if.o
LOAD Application/User/Core/stm32wbxx_hal_msp.o
LOAD Application/User/Core/stm32wbxx_it.o
LOAD Application/User/Core/syscalls.o
LOAD Application/User/Core/sysmem.o
LOAD Application/User/STM32_WPAN/App/app_ble.o
LOAD Application/User/STM32_WPAN/App/p2p_routeur_app.o
LOAD Application/User/STM32_WPAN/Target/hw_ipcc.o
LOAD Drivers/BSP/P-NUCLEO-WB55.Nucleo/stm32wbxx_nucleo.o
LOAD Drivers/CMSIS/system_stm32wbxx.o
LOAD Drivers/STM32WBxx_HAL_Driver/stm32wbxx_hal.o
LOAD Drivers/STM32WBxx_HAL_Driver/stm32wbxx_hal_cortex.o
LOAD Drivers/STM32WBxx_HAL_Driver/stm32wbxx_hal_dma.o
LOAD Drivers/STM32WBxx_HAL_Driver/stm32wbxx_hal_dma_ex.o
LOAD Drivers/STM32WBxx_HAL_Driver/stm32wbxx_hal_flash.o
LOAD Drivers/STM32WBxx_HAL_Driver/stm32wbxx_hal_flash_ex.o
LOAD Drivers/STM32WBxx_HAL_Driver/stm32wbxx_hal_gpio.o
LOAD Drivers/STM32WBxx_HAL_Driver/stm32wbxx_hal_hsem.o
LOAD Drivers/STM32WBxx_HAL_Driver/stm32wbxx_hal_ipcc.o
LOAD Drivers/STM32WBxx_HAL_Driver/stm32wbxx_hal_pwr.o
LOAD Drivers/STM32WBxx_HAL_Driver/stm32wbxx_hal_pwr_ex.o
LOAD Drivers/STM32WBxx_HAL_Driver/stm32wbxx_hal_rcc.o
LOAD Drivers/STM32WBxx_HAL_Driver/stm32wbxx_hal_rcc_ex.o
LOAD Drivers/STM32WBxx_HAL_Driver/stm32wbxx_hal_rtc.o
LOAD Drivers/STM32WBxx_HAL_Driver/stm32wbxx_hal_rtc_ex.o
LOAD Drivers/STM32WBxx_HAL_Driver/stm32wbxx_hal_tim.o
LOAD Drivers/STM32WBxx_HAL_Driver/stm32wbxx_hal_tim_ex.o
LOAD Drivers/STM32WBxx_HAL_Driver/stm32wbxx_hal_uart.o
LOAD Drivers/STM32WBxx_HAL_Driver/stm32wbxx_hal_uart_ex.o
LOAD Middlewares/STM32_WPAN/ble_gap_aci.o
LOAD Middlewares/STM32_WPAN/ble_gatt_aci.o
LOAD Middlewares/STM32_WPAN/ble_hal_aci.o
LOAD Middlewares/STM32_WPAN/ble_hci_le.o
LOAD Middlewares/STM32_WPAN/ble_l2cap_aci.o
LOAD Middlewares/STM32_WPAN/dbg_trace.o
LOAD Middlewares/STM32_WPAN/eds_stm.o
LOAD Middlewares/STM32_WPAN/hci_tl.o
LOAD Middlewares/STM32_WPAN/hci_tl_if.o
LOAD Middlewares/STM32_WPAN/osal.o
LOAD Middlewares/STM32_WPAN/otp.o
LOAD Middlewares/STM32_WPAN/p2p_stm.o
LOAD Middlewares/STM32_WPAN/shci.o
LOAD Middlewares/STM32_WPAN/shci_tl.o
LOAD Middlewares/STM32_WPAN/shci_tl_if.o
LOAD Middlewares/STM32_WPAN/stm_list.o
LOAD Middlewares/STM32_WPAN/stm_queue.o
LOAD Middlewares/STM32_WPAN/svc_ctl.o
LOAD Middlewares/STM32_WPAN/tl_mbox.o
LOAD Utilities/stm32_lpm.o
LOAD Utilities/stm32_seq.o
START GROUP
LOAD c:/st/stm32cubeide_1.3.0/stm32cubeide/plugins/com.st.stm32cube.ide.mcu.externaltools.gnu-tools-for-stm32.9-2020-q2-update.win32_1.5.0.202011040924/tools/bin/../lib/gcc/arm-none-eabi/9.3.1/../../../../arm-none-eabi/lib/thumb/v7e-m+fp/hard\libc_nano.a
LOAD c:/st/stm32cubeide_1.3.0/stm32cubeide/plugins/com.st.stm32cube.ide.mcu.externaltools.gnu-tools-for-stm32.9-2020-q2-update.win32_1.5.0.202011040924/tools/bin/../lib/gcc/arm-none-eabi/9.3.1/../../../../arm-none-eabi/lib/thumb/v7e-m+fp/hard\libm.a
END GROUP
START GROUP
LOAD c:/st/stm32cubeide_1.3.0/stm32cubeide/plugins/com.st.stm32cube.ide.mcu.externaltools.gnu-tools-for-stm32.9-2020-q2-update.win32_1.5.0.202011040924/tools/bin/../lib/gcc/arm-none-eabi/9.3.1/thumb/v7e-m+fp/hard\libgcc.a
LOAD c:/st/stm32cubeide_1.3.0/stm32cubeide/plugins/com.st.stm32cube.ide.mcu.externaltools.gnu-tools-for-stm32.9-2020-q2-update.win32_1.5.0.202011040924/tools/bin/../lib/gcc/arm-none-eabi/9.3.1/../../../../arm-none-eabi/lib/thumb/v7e-m+fp/hard\libc_nano.a
END GROUP
START GROUP
LOAD c:/st/stm32cubeide_1.3.0/stm32cubeide/plugins/com.st.stm32cube.ide.mcu.externaltools.gnu-tools-for-stm32.9-2020-q2-update.win32_1.5.0.202011040924/tools/bin/../lib/gcc/arm-none-eabi/9.3.1/thumb/v7e-m+fp/hard\libgcc.a
LOAD c:/st/stm32cubeide_1.3.0/stm32cubeide/plugins/com.st.stm32cube.ide.mcu.externaltools.gnu-tools-for-stm32.9-2020-q2-update.win32_1.5.0.202011040924/tools/bin/../lib/gcc/arm-none-eabi/9.3.1/../../../../arm-none-eabi/lib/thumb/v7e-m+fp/hard\libc_nano.a
LOAD c:/st/stm32cubeide_1.3.0/stm32cubeide/plugins/com.st.stm32cube.ide.mcu.externaltools.gnu-tools-for-stm32.9-2020-q2-update.win32_1.5.0.202011040924/tools/bin/../lib/gcc/arm-none-eabi/9.3.1/../../../../arm-none-eabi/lib/thumb/v7e-m+fp/hard\libnosys.a
END GROUP
START GROUP
LOAD c:/st/stm32cubeide_1.3.0/stm32cubeide/plugins/com.st.stm32cube.ide.mcu.externaltools.gnu-tools-for-stm32.9-2020-q2-update.win32_1.5.0.202011040924/tools/bin/../lib/gcc/arm-none-eabi/9.3.1/thumb/v7e-m+fp/hard\libgcc.a
LOAD c:/st/stm32cubeide_1.3.0/stm32cubeide/plugins/com.st.stm32cube.ide.mcu.externaltools.gnu-tools-for-stm32.9-2020-q2-update.win32_1.5.0.202011040924/tools/bin/../lib/gcc/arm-none-eabi/9.3.1/../../../../arm-none-eabi/lib/thumb/v7e-m+fp/hard\libc_nano.a
LOAD c:/st/stm32cubeide_1.3.0/stm32cubeide/plugins/com.st.stm32cube.ide.mcu.externaltools.gnu-tools-for-stm32.9-2020-q2-update.win32_1.5.0.202011040924/tools/bin/../lib/gcc/arm-none-eabi/9.3.1/../../../../arm-none-eabi/lib/thumb/v7e-m+fp/hard\libnosys.a
END GROUP
LOAD c:/st/stm32cubeide_1.3.0/stm32cubeide/plugins/com.st.stm32cube.ide.mcu.externaltools.gnu-tools-for-stm32.9-2020-q2-update.win32_1.5.0.202011040924/tools/bin/../lib/gcc/arm-none-eabi/9.3.1/thumb/v7e-m+fp/hard/crtend.o
LOAD c:/st/stm32cubeide_1.3.0/stm32cubeide/plugins/com.st.stm32cube.ide.mcu.externaltools.gnu-tools-for-stm32.9-2020-q2-update.win32_1.5.0.202011040924/tools/bin/../lib/gcc/arm-none-eabi/9.3.1/thumb/v7e-m+fp/hard/crtn.o
                0x0000000020030000                _estack = 0x20030000
                0x0000000000000400                _Min_Heap_Size = 0x400
                0x0000000000001000                _Min_Stack_Size = 0x1000

.isr_vector     0x0000000008000000      0x13c
                0x0000000008000000                . = ALIGN (0x4)
 *(.isr_vector)
 .isr_vector    0x0000000008000000      0x13c Application/Startup/startup_stm32wb55rgvx.o
                0x0000000008000000                g_pfnVectors
                0x000000000800013c                . = ALIGN (0x4)

.text           0x0000000008000140     0xce34
                0x0000000008000140                . = ALIGN (0x4)
 *(.text)
 .text          0x0000000008000140       0x40 c:/st/stm32cubeide_1.3.0/stm32cubeide/plugins/com.st.stm32cube.ide.mcu.externaltools.gnu-tools-for-stm32.9-2020-q2-update.win32_1.5.0.202011040924/tools/bin/../lib/gcc/arm-none-eabi/9.3.1/thumb/v7e-m+fp/hard/crtbegin.o
 .text          0x0000000008000180       0x10 c:/st/stm32cubeide_1.3.0/stm32cubeide/plugins/com.st.stm32cube.ide.mcu.externaltools.gnu-tools-for-stm32.9-2020-q2-update.win32_1.5.0.202011040924/tools/bin/../lib/gcc/arm-none-eabi/9.3.1/../../../../arm-none-eabi/lib/thumb/v7e-m+fp/hard\libc_nano.a(lib_a-strlen.o)
                0x0000000008000180                strlen
 .text          0x0000000008000190       0xa0 c:/st/stm32cubeide_1.3.0/stm32cubeide/plugins/com.st.stm32cube.ide.mcu.externaltools.gnu-tools-for-stm32.9-2020-q2-update.win32_1.5.0.202011040924/tools/bin/../lib/gcc/arm-none-eabi/9.3.1/../../../../arm-none-eabi/lib/thumb/v7e-m+fp/hard\libc_nano.a(lib_a-memchr.o)
                0x0000000008000190                memchr
 .text          0x0000000008000230       0x30 c:/st/stm32cubeide_1.3.0/stm32cubeide/plugins/com.st.stm32cube.ide.mcu.externaltools.gnu-tools-for-stm32.9-2020-q2-update.win32_1.5.0.202011040924/tools/bin/../lib/gcc/arm-none-eabi/9.3.1/thumb/v7e-m+fp/hard\libgcc.a(_aeabi_uldivmod.o)
                0x0000000008000230                __aeabi_uldivmod
 .text          0x0000000008000260      0x2c4 c:/st/stm32cubeide_1.3.0/stm32cubeide/plugins/com.st.stm32cube.ide.mcu.externaltools.gnu-tools-for-stm32.9-2020-q2-update.win32_1.5.0.202011040924/tools/bin/../lib/gcc/arm-none-eabi/9.3.1/thumb/v7e-m+fp/hard\libgcc.a(_udivmoddi4.o)
                0x0000000008000260                __udivmoddi4
 .text          0x0000000008000524        0x4 c:/st/stm32cubeide_1.3.0/stm32cubeide/plugins/com.st.stm32cube.ide.mcu.externaltools.gnu-tools-for-stm32.9-2020-q2-update.win32_1.5.0.202011040924/tools/bin/../lib/gcc/arm-none-eabi/9.3.1/thumb/v7e-m+fp/hard\libgcc.a(_dvmd_tls.o)
                0x0000000008000524                __aeabi_idiv0
                0x0000000008000524                __aeabi_ldiv0
 *(.text*)
 .text.data_initializers
                0x0000000008000528       0x18 Application/Startup/startup_stm32wb55rgvx.o
 .text.Reset_Handler
                0x0000000008000540       0x54 Application/Startup/startup_stm32wb55rgvx.o
                0x0000000008000540                Reset_Handler
 .text.Default_Handler
                0x0000000008000594        0x2 Application/Startup/startup_stm32wb55rgvx.o
                0x0000000008000594                RTC_Alarm_IRQHandler
                0x0000000008000594                EXTI2_IRQHandler
                0x0000000008000594                TIM1_CC_IRQHandler
                0x0000000008000594                TSC_IRQHandler
                0x0000000008000594                USB_HP_IRQHandler
                0x0000000008000594                EXTI3_IRQHandler
                0x0000000008000594                LPTIM2_IRQHandler
                0x0000000008000594                I2C3_ER_IRQHandler
                0x0000000008000594                EXTI0_IRQHandler
                0x0000000008000594                FPU_IRQHandler
                0x0000000008000594                TIM1_UP_TIM16_IRQHandler
                0x0000000008000594                AES1_IRQHandler
                0x0000000008000594                SPI1_IRQHandler
                0x0000000008000594                PWR_SOTF_BLEACT_802ACT_RFPHASE_IRQHandler
                0x0000000008000594                DMA2_Channel2_IRQHandler
                0x0000000008000594                ADC1_IRQHandler
                0x0000000008000594                PKA_IRQHandler
                0x0000000008000594                DMA1_Channel7_IRQHandler
                0x0000000008000594                LCD_IRQHandler
                0x0000000008000594                DMA2_Channel1_IRQHandler
                0x0000000008000594                QUADSPI_IRQHandler
                0x0000000008000594                I2C1_EV_IRQHandler
                0x0000000008000594                DMAMUX1_OVR_IRQHandler
                0x0000000008000594                DMA1_Channel6_IRQHandler
                0x0000000008000594                RCC_IRQHandler
                0x0000000008000594                DMA1_Channel1_IRQHandler
                0x0000000008000594                Default_Handler
                0x0000000008000594                DMA2_Channel7_IRQHandler
                0x0000000008000594                EXTI15_10_IRQHandler
                0x0000000008000594                C2SEV_PWR_C2H_IRQHandler
                0x0000000008000594                AES2_IRQHandler
                0x0000000008000594                I2C3_EV_IRQHandler
                0x0000000008000594                EXTI9_5_IRQHandler
                0x0000000008000594                PVD_PVM_IRQHandler
                0x0000000008000594                SPI2_IRQHandler
                0x0000000008000594                DMA2_Channel5_IRQHandler
                0x0000000008000594                CRS_IRQHandler
                0x0000000008000594                DMA1_Channel5_IRQHandler
                0x0000000008000594                USB_LP_IRQHandler
                0x0000000008000594                RNG_IRQHandler
                0x0000000008000594                TIM1_TRG_COM_TIM17_IRQHandler
                0x0000000008000594                TAMP_STAMP_LSECSS_IRQHandler
                0x0000000008000594                DMA1_Channel3_IRQHandler
                0x0000000008000594                COMP_IRQHandler
                0x0000000008000594                WWDG_IRQHandler
                0x0000000008000594                DMA2_Channel6_IRQHandler
                0x0000000008000594                TIM2_IRQHandler
                0x0000000008000594                TIM1_BRK_IRQHandler
                0x0000000008000594                EXTI1_IRQHandler
                0x0000000008000594                DMA1_Channel2_IRQHandler
                0x0000000008000594                FLASH_IRQHandler
                0x0000000008000594                I2C1_ER_IRQHandler
                0x0000000008000594                LPTIM1_IRQHandler
                0x0000000008000594                SAI1_IRQHandler
                0x0000000008000594                DMA2_Channel3_IRQHandler
 *fill*         0x0000000008000596        0x2 
 .text.LL_EXTI_EnableIT_32_63
                0x0000000008000598       0x28 Application/User/Core/app_debug.o
 .text.LL_AHB2_GRP1_EnableClock
                0x00000000080005c0       0x32 Application/User/Core/app_debug.o
 .text.LL_C2_AHB2_GRP1_EnableClock
                0x00000000080005f2       0x38 Application/User/Core/app_debug.o
 .text.APPD_Init
                0x000000000800062a       0x24 Application/User/Core/app_debug.o
                0x000000000800062a                APPD_Init
 *fill*         0x000000000800064e        0x2 
 .text.APPD_EnableCPU2
                0x0000000008000650       0x38 Application/User/Core/app_debug.o
                0x0000000008000650                APPD_EnableCPU2
 .text.APPD_SetCPU2GpioConfig
                0x0000000008000688      0x148 Application/User/Core/app_debug.o
 .text.APPD_BleDtbCfg
                0x00000000080007d0        0xe Application/User/Core/app_debug.o
 .text.DbgOutputInit
                0x00000000080007de        0xc Application/User/Core/app_debug.o
                0x00000000080007de                DbgOutputInit
 .text.DbgOutputTraces
                0x00000000080007ea       0x22 Application/User/Core/app_debug.o
                0x00000000080007ea                DbgOutputTraces
 .text.LL_C2_PWR_SetPowerMode
                0x000000000800080c       0x2c Application/User/Core/app_entry.o
 .text.LL_RCC_SetClkAfterWakeFromStop
                0x0000000008000838       0x28 Application/User/Core/app_entry.o
 .text.APPE_Init
                0x0000000008000860       0x30 Application/User/Core/app_entry.o
                0x0000000008000860                APPE_Init
 .text.SystemPower_Config
                0x0000000008000890       0x1a Application/User/Core/app_entry.o
 *fill*         0x00000000080008aa        0x2 
 .text.appe_Tl_Init
                0x00000000080008ac       0x6c Application/User/Core/app_entry.o
 .text.APPE_SysStatusNot
                0x0000000008000918       0x16 Application/User/Core/app_entry.o
 .text.APPE_SysUserEvtRx
                0x000000000800092e       0x20 Application/User/Core/app_entry.o
 .text.Led_Init
                0x000000000800094e       0x20 Application/User/Core/app_entry.o
 .text.Button_Init
                0x000000000800096e       0x10 Application/User/Core/app_entry.o
 .text.UTIL_SEQ_Idle
                0x000000000800097e        0xe Application/User/Core/app_entry.o
                0x000000000800097e                UTIL_SEQ_Idle
 .text.UTIL_SEQ_EvtIdle
                0x000000000800098c       0x1a Application/User/Core/app_entry.o
                0x000000000800098c                UTIL_SEQ_EvtIdle
 .text.shci_notify_asynch_evt
                0x00000000080009a6       0x1a Application/User/Core/app_entry.o
                0x00000000080009a6                shci_notify_asynch_evt
 .text.shci_cmd_resp_release
                0x00000000080009c0       0x16 Application/User/Core/app_entry.o
                0x00000000080009c0                shci_cmd_resp_release
 .text.shci_cmd_resp_wait
                0x00000000080009d6       0x16 Application/User/Core/app_entry.o
                0x00000000080009d6                shci_cmd_resp_wait
 .text.HAL_GPIO_EXTI_Callback
                0x00000000080009ec       0x3a Application/User/Core/app_entry.o
                0x00000000080009ec                HAL_GPIO_EXTI_Callback
 *fill*         0x0000000008000a26        0x2 
 .text.LL_EXTI_EnableIT_0_31
                0x0000000008000a28       0x28 Application/User/Core/hw_timerserver.o
 .text.LL_EXTI_EnableRisingTrig_0_31
                0x0000000008000a50       0x24 Application/User/Core/hw_timerserver.o
 .text.ReadRtcSsrValue
                0x0000000008000a74       0x40 Application/User/Core/hw_timerserver.o
 .text.LinkTimerAfter
                0x0000000008000ab4       0x8c Application/User/Core/hw_timerserver.o
 .text.LinkTimerBefore
                0x0000000008000b40       0xc0 Application/User/Core/hw_timerserver.o
 .text.linkTimer
                0x0000000008000c00      0x154 Application/User/Core/hw_timerserver.o
 .text.UnlinkTimer
                0x0000000008000d54      0x108 Application/User/Core/hw_timerserver.o
 .text.ReturnTimeElapsed
                0x0000000008000e5c       0x80 Application/User/Core/hw_timerserver.o
 .text.RestartWakeupCounter
                0x0000000008000edc       0xbc Application/User/Core/hw_timerserver.o
 .text.RescheduleTimerList
                0x0000000008000f98      0x13c Application/User/Core/hw_timerserver.o
 .text.HW_TS_RTC_Wakeup_Handler
                0x00000000080010d4      0x1a8 Application/User/Core/hw_timerserver.o
                0x00000000080010d4                HW_TS_RTC_Wakeup_Handler
 .text.HW_TS_Init
                0x000000000800127c      0x1cc Application/User/Core/hw_timerserver.o
                0x000000000800127c                HW_TS_Init
 .text.HW_TS_Stop
                0x0000000008001448      0x118 Application/User/Core/hw_timerserver.o
                0x0000000008001448                HW_TS_Stop
 .text.HW_TS_Start
                0x0000000008001560      0x110 Application/User/Core/hw_timerserver.o
                0x0000000008001560                HW_TS_Start
 .text.HW_TS_RTC_Int_AppNot
                0x0000000008001670       0x1a Application/User/Core/hw_timerserver.o
                0x0000000008001670                HW_TS_RTC_Int_AppNot
 *fill*         0x000000000800168a        0x2 
 .text.HW_UART_Transmit_DMA
                0x000000000800168c       0x8c Application/User/Core/hw_uart.o
                0x000000000800168c                HW_UART_Transmit_DMA
 .text.HAL_UART_TxCpltCallback
                0x0000000008001718       0x3c Application/User/Core/hw_uart.o
                0x0000000008001718                HAL_UART_TxCpltCallback
 .text.LL_EXTI_DisableIT_0_31
                0x0000000008001754       0x2c Application/User/Core/main.o
 .text.LL_EXTI_DisableIT_32_63
                0x0000000008001780       0x2c Application/User/Core/main.o
 .text.LL_RCC_HSE_SetCapacitorTuning
                0x00000000080017ac       0x3c Application/User/Core/main.o
 .text.LL_RCC_LSE_SetDriveCapability
                0x00000000080017e8       0x2c Application/User/Core/main.o
 .text.LL_RCC_ForceBackupDomainReset
                0x0000000008001814       0x22 Application/User/Core/main.o
 .text.LL_RCC_ReleaseBackupDomainReset
                0x0000000008001836       0x22 Application/User/Core/main.o
 .text.LL_RCC_IsActiveFlag_PINRST
                0x0000000008001858       0x26 Application/User/Core/main.o
 .text.LL_RCC_IsActiveFlag_SFTRST
                0x000000000800187e       0x26 Application/User/Core/main.o
 .text.LL_AHB1_GRP1_EnableClock
                0x00000000080018a4       0x32 Application/User/Core/main.o
 .text.LL_AHB2_GRP1_EnableClock
                0x00000000080018d6       0x32 Application/User/Core/main.o
 .text.LL_AHB3_GRP1_EnableClock
                0x0000000008001908       0x32 Application/User/Core/main.o
 .text.LL_C1_IPCC_DisableTransmitChannel
                0x000000000800193a       0x24 Application/User/Core/main.o
 .text.LL_C1_IPCC_DisableReceiveChannel
                0x000000000800195e       0x22 Application/User/Core/main.o
 .text.LL_C2_IPCC_DisableTransmitChannel
                0x0000000008001980       0x24 Application/User/Core/main.o
 .text.LL_C2_IPCC_DisableReceiveChannel
                0x00000000080019a4       0x22 Application/User/Core/main.o
 .text.LL_C1_IPCC_ClearFlag_CHx
                0x00000000080019c6       0x1c Application/User/Core/main.o
 .text.LL_C2_IPCC_ClearFlag_CHx
                0x00000000080019e2       0x1c Application/User/Core/main.o
 *fill*         0x00000000080019fe        0x2 
 .text.LL_LPM_EnableSleep
                0x0000000008001a00       0x20 Application/User/Core/main.o
 .text.LL_RTC_EnableWriteProtection
                0x0000000008001a20       0x1a Application/User/Core/main.o
 .text.LL_RTC_DisableWriteProtection
                0x0000000008001a3a       0x20 Application/User/Core/main.o
 .text.LL_RTC_WAKEUP_SetClock
                0x0000000008001a5a       0x26 Application/User/Core/main.o
 .text.main     0x0000000008001a80       0x48 Application/User/Core/main.o
                0x0000000008001a80                main
 .text.SystemClock_Config
                0x0000000008001ac8      0x100 Application/User/Core/main.o
                0x0000000008001ac8                SystemClock_Config
 .text.MX_USART1_UART_Init
                0x0000000008001bc8       0x9c Application/User/Core/main.o
                0x0000000008001bc8                MX_USART1_UART_Init
 .text.MX_RF_Init
                0x0000000008001c64        0xe Application/User/Core/main.o
 *fill*         0x0000000008001c72        0x2 
 .text.MX_RTC_Init
                0x0000000008001c74       0x68 Application/User/Core/main.o
 .text.MX_DMA_Init
                0x0000000008001cdc       0x3a Application/User/Core/main.o
 .text.MX_GPIO_Init
                0x0000000008001d16       0x1a Application/User/Core/main.o
 .text.PeriphClock_Config
                0x0000000008001d30        0xe Application/User/Core/main.o
                0x0000000008001d30                PeriphClock_Config
 .text.Config_HSE
                0x0000000008001d3e       0x28 Application/User/Core/main.o
 .text.Reset_Device
                0x0000000008001d66       0x10 Application/User/Core/main.o
 *fill*         0x0000000008001d76        0x2 
 .text.Reset_IPCC
                0x0000000008001d78       0x44 Application/User/Core/main.o
 .text.Reset_BackupDomain
                0x0000000008001dbc       0x2e Application/User/Core/main.o
 .text.Init_Exti
                0x0000000008001dea       0x18 Application/User/Core/main.o
 .text.HAL_Delay
                0x0000000008001e02       0x4a Application/User/Core/main.o
                0x0000000008001e02                HAL_Delay
 .text.Error_Handler
                0x0000000008001e4c        0xe Application/User/Core/main.o
                0x0000000008001e4c                Error_Handler
 .text.LL_RCC_SetRTCClockSource
                0x0000000008001e5a       0x2c Application/User/Core/stm32wbxx_hal_msp.o
 .text.LL_RCC_EnableRTC
                0x0000000008001e86       0x22 Application/User/Core/stm32wbxx_hal_msp.o
 .text.LL_AHB2_GRP1_EnableClock
                0x0000000008001ea8       0x32 Application/User/Core/stm32wbxx_hal_msp.o
 .text.LL_AHB3_GRP1_EnableClock
                0x0000000008001eda       0x32 Application/User/Core/stm32wbxx_hal_msp.o
 .text.LL_APB1_GRP1_EnableClock
                0x0000000008001f0c       0x32 Application/User/Core/stm32wbxx_hal_msp.o
 .text.LL_APB1_GRP2_EnableClock
                0x0000000008001f3e       0x32 Application/User/Core/stm32wbxx_hal_msp.o
 .text.LL_APB2_GRP1_EnableClock
                0x0000000008001f70       0x32 Application/User/Core/stm32wbxx_hal_msp.o
 .text.HAL_MspInit
                0x0000000008001fa2       0x20 Application/User/Core/stm32wbxx_hal_msp.o
                0x0000000008001fa2                HAL_MspInit
 *fill*         0x0000000008001fc2        0x2 
 .text.HAL_UART_MspInit
                0x0000000008001fc4      0x1ec Application/User/Core/stm32wbxx_hal_msp.o
                0x0000000008001fc4                HAL_UART_MspInit
 .text.HAL_RTC_MspInit
                0x00000000080021b0       0x40 Application/User/Core/stm32wbxx_hal_msp.o
                0x00000000080021b0                HAL_RTC_MspInit
 .text.NMI_Handler
                0x00000000080021f0        0xe Application/User/Core/stm32wbxx_it.o
                0x00000000080021f0                NMI_Handler
 .text.HardFault_Handler
                0x00000000080021fe        0x6 Application/User/Core/stm32wbxx_it.o
                0x00000000080021fe                HardFault_Handler
 .text.MemManage_Handler
                0x0000000008002204        0x6 Application/User/Core/stm32wbxx_it.o
                0x0000000008002204                MemManage_Handler
 .text.BusFault_Handler
                0x000000000800220a        0x6 Application/User/Core/stm32wbxx_it.o
                0x000000000800220a                BusFault_Handler
 .text.UsageFault_Handler
                0x0000000008002210        0x6 Application/User/Core/stm32wbxx_it.o
                0x0000000008002210                UsageFault_Handler
 .text.SVC_Handler
                0x0000000008002216        0xe Application/User/Core/stm32wbxx_it.o
                0x0000000008002216                SVC_Handler
 .text.DebugMon_Handler
                0x0000000008002224        0xe Application/User/Core/stm32wbxx_it.o
                0x0000000008002224                DebugMon_Handler
 .text.PendSV_Handler
                0x0000000008002232        0xe Application/User/Core/stm32wbxx_it.o
                0x0000000008002232                PendSV_Handler
 .text.SysTick_Handler
                0x0000000008002240        0xc Application/User/Core/stm32wbxx_it.o
                0x0000000008002240                SysTick_Handler
 .text.DMA1_Channel4_IRQHandler
                0x000000000800224c       0x14 Application/User/Core/stm32wbxx_it.o
                0x000000000800224c                DMA1_Channel4_IRQHandler
 .text.USART1_IRQHandler
                0x0000000008002260       0x14 Application/User/Core/stm32wbxx_it.o
                0x0000000008002260                USART1_IRQHandler
 .text.LPUART1_IRQHandler
                0x0000000008002274       0x14 Application/User/Core/stm32wbxx_it.o
                0x0000000008002274                LPUART1_IRQHandler
 .text.HSEM_IRQHandler
                0x0000000008002288        0xc Application/User/Core/stm32wbxx_it.o
                0x0000000008002288                HSEM_IRQHandler
 .text.DMA2_Channel4_IRQHandler
                0x0000000008002294       0x14 Application/User/Core/stm32wbxx_it.o
                0x0000000008002294                DMA2_Channel4_IRQHandler
 .text.EXTI4_IRQHandler
                0x00000000080022a8        0xe Application/User/Core/stm32wbxx_it.o
                0x00000000080022a8                EXTI4_IRQHandler
 .text.RTC_WKUP_IRQHandler
                0x00000000080022b6        0xc Application/User/Core/stm32wbxx_it.o
                0x00000000080022b6                RTC_WKUP_IRQHandler
 .text.IPCC_C1_TX_IRQHandler
                0x00000000080022c2        0xc Application/User/Core/stm32wbxx_it.o
                0x00000000080022c2                IPCC_C1_TX_IRQHandler
 .text.IPCC_C1_RX_IRQHandler
                0x00000000080022ce        0xc Application/User/Core/stm32wbxx_it.o
                0x00000000080022ce                IPCC_C1_RX_IRQHandler
 .text._read    0x00000000080022da       0x3a Application/User/Core/syscalls.o
                0x00000000080022da                _read
 .text._close   0x0000000008002314       0x18 Application/User/Core/syscalls.o
                0x0000000008002314                _close
 .text._fstat   0x000000000800232c       0x20 Application/User/Core/syscalls.o
                0x000000000800232c                _fstat
 .text._isatty  0x000000000800234c       0x16 Application/User/Core/syscalls.o
                0x000000000800234c                _isatty
 .text._lseek   0x0000000008002362       0x1a Application/User/Core/syscalls.o
                0x0000000008002362                _lseek
 .text._sbrk    0x000000000800237c       0x58 Application/User/Core/sysmem.o
                0x000000000800237c                _sbrk
 .text.LL_FLASH_GetUDN
                0x00000000080023d4       0x18 Application/User/STM32_WPAN/App/app_ble.o
 .text.LL_FLASH_GetDeviceID
                0x00000000080023ec       0x18 Application/User/STM32_WPAN/App/app_ble.o
 .text.LL_FLASH_GetSTCompanyID
                0x0000000008002404       0x18 Application/User/STM32_WPAN/App/app_ble.o
 .text.APP_BLE_Init
                0x000000000800241c      0x148 Application/User/STM32_WPAN/App/app_ble.o
                0x000000000800241c                APP_BLE_Init
 .text.SVCCTL_App_Notification
                0x0000000008002564      0xbc8 Application/User/STM32_WPAN/App/app_ble.o
                0x0000000008002564                SVCCTL_App_Notification
 .text.APP_BLE_Get_Client_Connection_Status
                0x000000000800312c       0xa4 Application/User/STM32_WPAN/App/app_ble.o
                0x000000000800312c                APP_BLE_Get_Client_Connection_Status
 .text.APP_BLE_Key_Button1_Action
                0x00000000080031d0       0x10 Application/User/STM32_WPAN/App/app_ble.o
                0x00000000080031d0                APP_BLE_Key_Button1_Action
 .text.APP_BLE_Key_Button2_Action
                0x00000000080031e0        0xe Application/User/STM32_WPAN/App/app_ble.o
                0x00000000080031e0                APP_BLE_Key_Button2_Action
 .text.APP_BLE_Key_Button3_Action
                0x00000000080031ee        0xe Application/User/STM32_WPAN/App/app_ble.o
                0x00000000080031ee                APP_BLE_Key_Button3_Action
 .text.Ble_Tl_Init
                0x00000000080031fc       0x2c Application/User/STM32_WPAN/App/app_ble.o
 .text.Ble_Hci_Gap_Gatt_Init
                0x0000000008003228      0x194 Application/User/STM32_WPAN/App/app_ble.o
 .text.Scan_Request
                0x00000000080033bc       0x8c Application/User/STM32_WPAN/App/app_ble.o
 .text.Adv_Request
                0x0000000008003448       0x9c Application/User/STM32_WPAN/App/app_ble.o
 .text.ConnReq1
                0x00000000080034e4       0x80 Application/User/STM32_WPAN/App/app_ble.o
 .text.ConnReq2
                0x0000000008003564       0x80 Application/User/STM32_WPAN/App/app_ble.o
 .text.ConnReq3
                0x00000000080035e4       0x80 Application/User/STM32_WPAN/App/app_ble.o
 .text.ConnReq4
                0x0000000008003664       0x80 Application/User/STM32_WPAN/App/app_ble.o
 .text.ConnReq5
                0x00000000080036e4       0x80 Application/User/STM32_WPAN/App/app_ble.o
 .text.ConnReq6
                0x0000000008003764       0x80 Application/User/STM32_WPAN/App/app_ble.o
 .text.Evt_Notification
                0x00000000080037e4      0x160 Application/User/STM32_WPAN/App/app_ble.o
 .text.BleGetBdAddress
                0x0000000008003944       0x88 Application/User/STM32_WPAN/App/app_ble.o
 .text.hci_notify_asynch_evt
                0x00000000080039cc       0x1a Application/User/STM32_WPAN/App/app_ble.o
                0x00000000080039cc                hci_notify_asynch_evt
 .text.hci_cmd_resp_release
                0x00000000080039e6       0x16 Application/User/STM32_WPAN/App/app_ble.o
                0x00000000080039e6                hci_cmd_resp_release
 .text.hci_cmd_resp_wait
                0x00000000080039fc       0x16 Application/User/STM32_WPAN/App/app_ble.o
                0x00000000080039fc                hci_cmd_resp_wait
 .text.BLE_UserEvtRx
                0x0000000008003a12       0x38 Application/User/STM32_WPAN/App/app_ble.o
 .text.BLE_StatusNot
                0x0000000008003a4a       0x3a Application/User/STM32_WPAN/App/app_ble.o
 .text.EDS_STM_App_Notification
                0x0000000008003a84       0x48 Application/User/STM32_WPAN/App/p2p_routeur_app.o
                0x0000000008003a84                EDS_STM_App_Notification
 .text.P2PS_STM_App_Notification
                0x0000000008003acc       0x98 Application/User/STM32_WPAN/App/p2p_routeur_app.o
                0x0000000008003acc                P2PS_STM_App_Notification
 .text.P2P_Router_APP_Init
                0x0000000008003b64       0x74 Application/User/STM32_WPAN/App/p2p_routeur_app.o
                0x0000000008003b64                P2P_Router_APP_Init
 .text.P2PR_APP_End_Device_Mgt_Connection_Update
                0x0000000008003bd8       0xb4 Application/User/STM32_WPAN/App/p2p_routeur_app.o
                0x0000000008003bd8                P2PR_APP_End_Device_Mgt_Connection_Update
 .text.P2P_Client_App_Notification
                0x0000000008003c8c       0x78 Application/User/STM32_WPAN/App/p2p_routeur_app.o
                0x0000000008003c8c                P2P_Client_App_Notification
 .text.P2P_Client_Init
                0x0000000008003d04       0x48 Application/User/STM32_WPAN/App/p2p_routeur_app.o
                0x0000000008003d04                P2P_Client_Init
 .text.P2PR_APP_Init
                0x0000000008003d4c       0x10 Application/User/STM32_WPAN/App/p2p_routeur_app.o
                0x0000000008003d4c                P2PR_APP_Init
 .text.Client_Update_Service
                0x0000000008003d5c      0x198 Application/User/STM32_WPAN/App/p2p_routeur_app.o
 .text.Client_Update_Char
                0x0000000008003ef4       0x74 Application/User/STM32_WPAN/App/p2p_routeur_app.o
 .text.Client_Event_Handler
                0x0000000008003f68      0x5c4 Application/User/STM32_WPAN/App/p2p_routeur_app.o
 .text.LL_PWR_EnableBootC2
                0x000000000800452c       0x20 Application/User/STM32_WPAN/Target/hw_ipcc.o
 .text.LL_C2_EXTI_EnableEvent_32_63
                0x000000000800454c       0x28 Application/User/STM32_WPAN/Target/hw_ipcc.o
 .text.LL_EXTI_EnableRisingTrig_32_63
                0x0000000008004574       0x24 Application/User/STM32_WPAN/Target/hw_ipcc.o
 .text.LL_AHB3_GRP1_EnableClock
                0x0000000008004598       0x32 Application/User/STM32_WPAN/Target/hw_ipcc.o
 .text.LL_C2_AHB3_GRP1_EnableClock
                0x00000000080045ca       0x38 Application/User/STM32_WPAN/Target/hw_ipcc.o
 .text.LL_C1_IPCC_EnableIT_TXF
                0x0000000008004602       0x20 Application/User/STM32_WPAN/Target/hw_ipcc.o
 .text.LL_C1_IPCC_EnableIT_RXO
                0x0000000008004622       0x20 Application/User/STM32_WPAN/Target/hw_ipcc.o
 .text.LL_C1_IPCC_EnableTransmitChannel
                0x0000000008004642       0x26 Application/User/STM32_WPAN/Target/hw_ipcc.o
 .text.LL_C1_IPCC_DisableTransmitChannel
                0x0000000008004668       0x24 Application/User/STM32_WPAN/Target/hw_ipcc.o
 .text.LL_C1_IPCC_EnableReceiveChannel
                0x000000000800468c       0x24 Application/User/STM32_WPAN/Target/hw_ipcc.o
 .text.LL_C1_IPCC_ClearFlag_CHx
                0x00000000080046b0       0x1c Application/User/STM32_WPAN/Target/hw_ipcc.o
 .text.LL_C1_IPCC_SetFlag_CHx
                0x00000000080046cc       0x1e Application/User/STM32_WPAN/Target/hw_ipcc.o
 .text.LL_C1_IPCC_IsActiveFlag_CHx
                0x00000000080046ea       0x2a Application/User/STM32_WPAN/Target/hw_ipcc.o
 .text.LL_C2_IPCC_IsActiveFlag_CHx
                0x0000000008004714       0x2a Application/User/STM32_WPAN/Target/hw_ipcc.o
 *fill*         0x000000000800473e        0x2 
 .text.HW_IPCC_Rx_Handler
                0x0000000008004740       0x70 Application/User/STM32_WPAN/Target/hw_ipcc.o
                0x0000000008004740                HW_IPCC_Rx_Handler
 .text.HW_IPCC_Tx_Handler
                0x00000000080047b0       0x94 Application/User/STM32_WPAN/Target/hw_ipcc.o
                0x00000000080047b0                HW_IPCC_Tx_Handler
 .text.HW_IPCC_Enable
                0x0000000008004844       0x28 Application/User/STM32_WPAN/Target/hw_ipcc.o
                0x0000000008004844                HW_IPCC_Enable
 .text.HW_IPCC_Init
                0x000000000800486c       0x2c Application/User/STM32_WPAN/Target/hw_ipcc.o
                0x000000000800486c                HW_IPCC_Init
 .text.HW_IPCC_BLE_Init
                0x0000000008004898       0x14 Application/User/STM32_WPAN/Target/hw_ipcc.o
                0x0000000008004898                HW_IPCC_BLE_Init
 .text.HW_IPCC_BLE_SendCmd
                0x00000000080048ac       0x14 Application/User/STM32_WPAN/Target/hw_ipcc.o
                0x00000000080048ac                HW_IPCC_BLE_SendCmd
 .text.HW_IPCC_BLE_EvtHandler
                0x00000000080048c0       0x18 Application/User/STM32_WPAN/Target/hw_ipcc.o
 .text.HW_IPCC_BLE_AclDataEvtHandler
                0x00000000080048d8       0x18 Application/User/STM32_WPAN/Target/hw_ipcc.o
 .text.HW_IPCC_SYS_Init
                0x00000000080048f0       0x14 Application/User/STM32_WPAN/Target/hw_ipcc.o
                0x00000000080048f0                HW_IPCC_SYS_Init
 .text.HW_IPCC_SYS_SendCmd
                0x0000000008004904       0x1c Application/User/STM32_WPAN/Target/hw_ipcc.o
                0x0000000008004904                HW_IPCC_SYS_SendCmd
 .text.HW_IPCC_SYS_CmdEvtHandler
                0x0000000008004920       0x18 Application/User/STM32_WPAN/Target/hw_ipcc.o
 .text.HW_IPCC_SYS_EvtHandler
                0x0000000008004938       0x18 Application/User/STM32_WPAN/Target/hw_ipcc.o
 .text.HW_IPCC_MM_SendFreeBuf
                0x0000000008004950       0x44 Application/User/STM32_WPAN/Target/hw_ipcc.o
                0x0000000008004950                HW_IPCC_MM_SendFreeBuf
 .text.HW_IPCC_MM_FreeBufHandler
                0x0000000008004994       0x28 Application/User/STM32_WPAN/Target/hw_ipcc.o
 .text.HW_IPCC_TRACES_Init
                0x00000000080049bc       0x14 Application/User/STM32_WPAN/Target/hw_ipcc.o
                0x00000000080049bc                HW_IPCC_TRACES_Init
 .text.HW_IPCC_TRACES_EvtHandler
                0x00000000080049d0       0x18 Application/User/STM32_WPAN/Target/hw_ipcc.o
 .text.LL_AHB2_GRP1_EnableClock
                0x00000000080049e8       0x32 Drivers/BSP/P-NUCLEO-WB55.Nucleo/stm32wbxx_nucleo.o
 *fill*         0x0000000008004a1a        0x2 
 .text.BSP_LED_Init
                0x0000000008004a1c       0x74 Drivers/BSP/P-NUCLEO-WB55.Nucleo/stm32wbxx_nucleo.o
                0x0000000008004a1c                BSP_LED_Init
 .text.BSP_LED_On
                0x0000000008004a90       0x34 Drivers/BSP/P-NUCLEO-WB55.Nucleo/stm32wbxx_nucleo.o
                0x0000000008004a90                BSP_LED_On
 .text.BSP_LED_Off
                0x0000000008004ac4       0x34 Drivers/BSP/P-NUCLEO-WB55.Nucleo/stm32wbxx_nucleo.o
                0x0000000008004ac4                BSP_LED_Off
 .text.BSP_PB_Init
                0x0000000008004af8       0xe4 Drivers/BSP/P-NUCLEO-WB55.Nucleo/stm32wbxx_nucleo.o
                0x0000000008004af8                BSP_PB_Init
 .text.SystemInit
                0x0000000008004bdc       0xac Drivers/CMSIS/system_stm32wbxx.o
                0x0000000008004bdc                SystemInit
 .text.LL_DBGMCU_EnableDBGSleepMode
                0x0000000008004c88       0x20 Drivers/STM32WBxx_HAL_Driver/stm32wbxx_hal.o
 .text.LL_DBGMCU_EnableDBGStopMode
                0x0000000008004ca8       0x20 Drivers/STM32WBxx_HAL_Driver/stm32wbxx_hal.o
 .text.HAL_Init
                0x0000000008004cc8       0x40 Drivers/STM32WBxx_HAL_Driver/stm32wbxx_hal.o
                0x0000000008004cc8                HAL_Init
 .text.HAL_InitTick
                0x0000000008004d08       0x74 Drivers/STM32WBxx_HAL_Driver/stm32wbxx_hal.o
                0x0000000008004d08                HAL_InitTick
 .text.HAL_IncTick
                0x0000000008004d7c       0x28 Drivers/STM32WBxx_HAL_Driver/stm32wbxx_hal.o
                0x0000000008004d7c                HAL_IncTick
 .text.HAL_GetTick
                0x0000000008004da4       0x18 Drivers/STM32WBxx_HAL_Driver/stm32wbxx_hal.o
                0x0000000008004da4                HAL_GetTick
 .text.HAL_GetTickPrio
                0x0000000008004dbc       0x18 Drivers/STM32WBxx_HAL_Driver/stm32wbxx_hal.o
                0x0000000008004dbc                HAL_GetTickPrio
 .text.HAL_GetTickFreq
                0x0000000008004dd4       0x18 Drivers/STM32WBxx_HAL_Driver/stm32wbxx_hal.o
                0x0000000008004dd4                HAL_GetTickFreq
 .text.HAL_DBGMCU_EnableDBGSleepMode
                0x0000000008004dec        0xc Drivers/STM32WBxx_HAL_Driver/stm32wbxx_hal.o
                0x0000000008004dec                HAL_DBGMCU_EnableDBGSleepMode
 .text.HAL_DBGMCU_EnableDBGStopMode
                0x0000000008004df8        0xc Drivers/STM32WBxx_HAL_Driver/stm32wbxx_hal.o
                0x0000000008004df8                HAL_DBGMCU_EnableDBGStopMode
 .text.__NVIC_SetPriorityGrouping
                0x0000000008004e04       0x48 Drivers/STM32WBxx_HAL_Driver/stm32wbxx_hal_cortex.o
 .text.__NVIC_GetPriorityGrouping
                0x0000000008004e4c       0x1c Drivers/STM32WBxx_HAL_Driver/stm32wbxx_hal_cortex.o
 .text.__NVIC_EnableIRQ
                0x0000000008004e68       0x3c Drivers/STM32WBxx_HAL_Driver/stm32wbxx_hal_cortex.o
 .text.__NVIC_DisableIRQ
                0x0000000008004ea4       0x48 Drivers/STM32WBxx_HAL_Driver/stm32wbxx_hal_cortex.o
 .text.__NVIC_SetPendingIRQ
                0x0000000008004eec       0x3c Drivers/STM32WBxx_HAL_Driver/stm32wbxx_hal_cortex.o
 .text.__NVIC_ClearPendingIRQ
                0x0000000008004f28       0x3c Drivers/STM32WBxx_HAL_Driver/stm32wbxx_hal_cortex.o
 .text.__NVIC_SetPriority
                0x0000000008004f64       0x54 Drivers/STM32WBxx_HAL_Driver/stm32wbxx_hal_cortex.o
 .text.NVIC_EncodePriority
                0x0000000008004fb8       0x66 Drivers/STM32WBxx_HAL_Driver/stm32wbxx_hal_cortex.o
 *fill*         0x000000000800501e        0x2 
 .text.SysTick_Config
                0x0000000008005020       0x44 Drivers/STM32WBxx_HAL_Driver/stm32wbxx_hal_cortex.o
 .text.HAL_NVIC_SetPriorityGrouping
                0x0000000008005064       0x16 Drivers/STM32WBxx_HAL_Driver/stm32wbxx_hal_cortex.o
                0x0000000008005064                HAL_NVIC_SetPriorityGrouping
 .text.HAL_NVIC_SetPriority
                0x000000000800507a       0x34 Drivers/STM32WBxx_HAL_Driver/stm32wbxx_hal_cortex.o
                0x000000000800507a                HAL_NVIC_SetPriority
 .text.HAL_NVIC_EnableIRQ
                0x00000000080050ae       0x1c Drivers/STM32WBxx_HAL_Driver/stm32wbxx_hal_cortex.o
                0x00000000080050ae                HAL_NVIC_EnableIRQ
 .text.HAL_NVIC_DisableIRQ
                0x00000000080050ca       0x1c Drivers/STM32WBxx_HAL_Driver/stm32wbxx_hal_cortex.o
                0x00000000080050ca                HAL_NVIC_DisableIRQ
 .text.HAL_SYSTICK_Config
                0x00000000080050e6       0x18 Drivers/STM32WBxx_HAL_Driver/stm32wbxx_hal_cortex.o
                0x00000000080050e6                HAL_SYSTICK_Config
 .text.HAL_NVIC_SetPendingIRQ
                0x00000000080050fe       0x1c Drivers/STM32WBxx_HAL_Driver/stm32wbxx_hal_cortex.o
                0x00000000080050fe                HAL_NVIC_SetPendingIRQ
 .text.HAL_NVIC_ClearPendingIRQ
                0x000000000800511a       0x1c Drivers/STM32WBxx_HAL_Driver/stm32wbxx_hal_cortex.o
                0x000000000800511a                HAL_NVIC_ClearPendingIRQ
 *fill*         0x0000000008005136        0x2 
 .text.HAL_DMA_Init
                0x0000000008005138      0x150 Drivers/STM32WBxx_HAL_Driver/stm32wbxx_hal_dma.o
                0x0000000008005138                HAL_DMA_Init
 .text.HAL_DMA_Start_IT
                0x0000000008005288       0xf6 Drivers/STM32WBxx_HAL_Driver/stm32wbxx_hal_dma.o
                0x0000000008005288                HAL_DMA_Start_IT
 .text.HAL_DMA_Abort_IT
                0x000000000800537e       0xbe Drivers/STM32WBxx_HAL_Driver/stm32wbxx_hal_dma.o
                0x000000000800537e                HAL_DMA_Abort_IT
 .text.HAL_DMA_IRQHandler
                0x000000000800543c      0x15e Drivers/STM32WBxx_HAL_Driver/stm32wbxx_hal_dma.o
                0x000000000800543c                HAL_DMA_IRQHandler
 .text.DMA_SetConfig
                0x000000000800559a       0x7c Drivers/STM32WBxx_HAL_Driver/stm32wbxx_hal_dma.o
 *fill*         0x0000000008005616        0x2 
 .text.DMA_CalcDMAMUXChannelBaseAndMask
                0x0000000008005618       0x7c Drivers/STM32WBxx_HAL_Driver/stm32wbxx_hal_dma.o
 .text.DMA_CalcDMAMUXRequestGenBaseAndMask
                0x0000000008005694       0x4c Drivers/STM32WBxx_HAL_Driver/stm32wbxx_hal_dma.o
 .text.HAL_DMAEx_ConfigMuxSync
                0x00000000080056e0       0x80 Drivers/STM32WBxx_HAL_Driver/stm32wbxx_hal_dma_ex.o
                0x00000000080056e0                HAL_DMAEx_ConfigMuxSync
 .text.HAL_GPIO_Init
                0x0000000008005760      0x2e0 Drivers/STM32WBxx_HAL_Driver/stm32wbxx_hal_gpio.o
                0x0000000008005760                HAL_GPIO_Init
 .text.HAL_GPIO_WritePin
                0x0000000008005a40       0x30 Drivers/STM32WBxx_HAL_Driver/stm32wbxx_hal_gpio.o
                0x0000000008005a40                HAL_GPIO_WritePin
 .text.HAL_GPIO_EXTI_IRQHandler
                0x0000000008005a70       0x30 Drivers/STM32WBxx_HAL_Driver/stm32wbxx_hal_gpio.o
                0x0000000008005a70                HAL_GPIO_EXTI_IRQHandler
 .text.HAL_HSEM_IRQHandler
                0x0000000008005aa0       0x34 Drivers/STM32WBxx_HAL_Driver/stm32wbxx_hal_hsem.o
                0x0000000008005aa0                HAL_HSEM_IRQHandler
 .text.HAL_HSEM_FreeCallback
                0x0000000008005ad4       0x14 Drivers/STM32WBxx_HAL_Driver/stm32wbxx_hal_hsem.o
                0x0000000008005ad4                HAL_HSEM_FreeCallback
 .text.HAL_PWR_EnableBkUpAccess
                0x0000000008005ae8       0x20 Drivers/STM32WBxx_HAL_Driver/stm32wbxx_hal_pwr.o
                0x0000000008005ae8                HAL_PWR_EnableBkUpAccess
 .text.HAL_PWREx_GetVoltageRange
                0x0000000008005b08       0x1c Drivers/STM32WBxx_HAL_Driver/stm32wbxx_hal_pwr_ex.o
                0x0000000008005b08                HAL_PWREx_GetVoltageRange
 .text.LL_RCC_HSE_IsEnabledDiv2
                0x0000000008005b24       0x24 Drivers/STM32WBxx_HAL_Driver/stm32wbxx_hal_rcc.o
 .text.LL_RCC_HSE_Enable
                0x0000000008005b48       0x1e Drivers/STM32WBxx_HAL_Driver/stm32wbxx_hal_rcc.o
 .text.LL_RCC_HSE_Disable
                0x0000000008005b66       0x1e Drivers/STM32WBxx_HAL_Driver/stm32wbxx_hal_rcc.o
 .text.LL_RCC_HSE_IsReady
                0x0000000008005b84       0x24 Drivers/STM32WBxx_HAL_Driver/stm32wbxx_hal_rcc.o
 .text.LL_RCC_HSI_Enable
                0x0000000008005ba8       0x1e Drivers/STM32WBxx_HAL_Driver/stm32wbxx_hal_rcc.o
 .text.LL_RCC_HSI_Disable
                0x0000000008005bc6       0x1e Drivers/STM32WBxx_HAL_Driver/stm32wbxx_hal_rcc.o
 .text.LL_RCC_HSI_IsReady
                0x0000000008005be4       0x24 Drivers/STM32WBxx_HAL_Driver/stm32wbxx_hal_rcc.o
 .text.LL_RCC_HSI_SetCalibTrimming
                0x0000000008005c08       0x2a Drivers/STM32WBxx_HAL_Driver/stm32wbxx_hal_rcc.o
 .text.LL_RCC_HSI48_Enable
                0x0000000008005c32       0x22 Drivers/STM32WBxx_HAL_Driver/stm32wbxx_hal_rcc.o
 .text.LL_RCC_HSI48_Disable
                0x0000000008005c54       0x22 Drivers/STM32WBxx_HAL_Driver/stm32wbxx_hal_rcc.o
 .text.LL_RCC_HSI48_IsReady
                0x0000000008005c76       0x24 Drivers/STM32WBxx_HAL_Driver/stm32wbxx_hal_rcc.o
 .text.LL_RCC_LSE_Enable
                0x0000000008005c9a       0x22 Drivers/STM32WBxx_HAL_Driver/stm32wbxx_hal_rcc.o
 .text.LL_RCC_LSE_Disable
                0x0000000008005cbc       0x22 Drivers/STM32WBxx_HAL_Driver/stm32wbxx_hal_rcc.o
 .text.LL_RCC_LSE_EnableBypass
                0x0000000008005cde       0x22 Drivers/STM32WBxx_HAL_Driver/stm32wbxx_hal_rcc.o
 .text.LL_RCC_LSE_DisableBypass
                0x0000000008005d00       0x22 Drivers/STM32WBxx_HAL_Driver/stm32wbxx_hal_rcc.o
 .text.LL_RCC_LSE_IsReady
                0x0000000008005d22       0x24 Drivers/STM32WBxx_HAL_Driver/stm32wbxx_hal_rcc.o
 .text.LL_RCC_LSI1_Enable
                0x0000000008005d46       0x22 Drivers/STM32WBxx_HAL_Driver/stm32wbxx_hal_rcc.o
 .text.LL_RCC_LSI1_Disable
                0x0000000008005d68       0x22 Drivers/STM32WBxx_HAL_Driver/stm32wbxx_hal_rcc.o
 .text.LL_RCC_LSI1_IsReady
                0x0000000008005d8a       0x24 Drivers/STM32WBxx_HAL_Driver/stm32wbxx_hal_rcc.o
 .text.LL_RCC_LSI2_Enable
                0x0000000008005dae       0x22 Drivers/STM32WBxx_HAL_Driver/stm32wbxx_hal_rcc.o
 .text.LL_RCC_LSI2_Disable
                0x0000000008005dd0       0x22 Drivers/STM32WBxx_HAL_Driver/stm32wbxx_hal_rcc.o
 .text.LL_RCC_LSI2_IsReady
                0x0000000008005df2       0x24 Drivers/STM32WBxx_HAL_Driver/stm32wbxx_hal_rcc.o
 .text.LL_RCC_LSI2_SetTrimming
                0x0000000008005e16       0x2e Drivers/STM32WBxx_HAL_Driver/stm32wbxx_hal_rcc.o
 .text.LL_RCC_MSI_Enable
                0x0000000008005e44       0x1e Drivers/STM32WBxx_HAL_Driver/stm32wbxx_hal_rcc.o
 .text.LL_RCC_MSI_Disable
                0x0000000008005e62       0x1e Drivers/STM32WBxx_HAL_Driver/stm32wbxx_hal_rcc.o
 .text.LL_RCC_MSI_IsReady
                0x0000000008005e80       0x22 Drivers/STM32WBxx_HAL_Driver/stm32wbxx_hal_rcc.o
 .text.LL_RCC_MSI_SetRange
                0x0000000008005ea2       0x28 Drivers/STM32WBxx_HAL_Driver/stm32wbxx_hal_rcc.o
 .text.LL_RCC_MSI_GetRange
                0x0000000008005eca       0x2a Drivers/STM32WBxx_HAL_Driver/stm32wbxx_hal_rcc.o
 .text.LL_RCC_MSI_SetCalibTrimming
                0x0000000008005ef4       0x2a Drivers/STM32WBxx_HAL_Driver/stm32wbxx_hal_rcc.o
 .text.LL_RCC_SetSysClkSource
                0x0000000008005f1e       0x28 Drivers/STM32WBxx_HAL_Driver/stm32wbxx_hal_rcc.o
 .text.LL_RCC_GetSysClkSource
                0x0000000008005f46       0x18 Drivers/STM32WBxx_HAL_Driver/stm32wbxx_hal_rcc.o
 .text.LL_RCC_SetAHBPrescaler
                0x0000000008005f5e       0x28 Drivers/STM32WBxx_HAL_Driver/stm32wbxx_hal_rcc.o
 .text.LL_C2_RCC_SetAHBPrescaler
                0x0000000008005f86       0x2c Drivers/STM32WBxx_HAL_Driver/stm32wbxx_hal_rcc.o
 .text.LL_RCC_SetAHB4Prescaler
                0x0000000008005fb2       0x2e Drivers/STM32WBxx_HAL_Driver/stm32wbxx_hal_rcc.o
 .text.LL_RCC_SetAPB1Prescaler
                0x0000000008005fe0       0x28 Drivers/STM32WBxx_HAL_Driver/stm32wbxx_hal_rcc.o
 .text.LL_RCC_SetAPB2Prescaler
                0x0000000008006008       0x28 Drivers/STM32WBxx_HAL_Driver/stm32wbxx_hal_rcc.o
 .text.LL_RCC_GetAHBPrescaler
                0x0000000008006030       0x18 Drivers/STM32WBxx_HAL_Driver/stm32wbxx_hal_rcc.o
 .text.LL_RCC_GetAHB4Prescaler
                0x0000000008006048       0x1c Drivers/STM32WBxx_HAL_Driver/stm32wbxx_hal_rcc.o
 .text.LL_RCC_GetAPB1Prescaler
                0x0000000008006064       0x18 Drivers/STM32WBxx_HAL_Driver/stm32wbxx_hal_rcc.o
 .text.LL_RCC_GetAPB2Prescaler
                0x000000000800607c       0x18 Drivers/STM32WBxx_HAL_Driver/stm32wbxx_hal_rcc.o
 .text.LL_RCC_PLL_Enable
                0x0000000008006094       0x1e Drivers/STM32WBxx_HAL_Driver/stm32wbxx_hal_rcc.o
 .text.LL_RCC_PLL_Disable
                0x00000000080060b2       0x1e Drivers/STM32WBxx_HAL_Driver/stm32wbxx_hal_rcc.o
 .text.LL_RCC_PLL_IsReady
                0x00000000080060d0       0x24 Drivers/STM32WBxx_HAL_Driver/stm32wbxx_hal_rcc.o
 .text.LL_RCC_PLL_GetN
                0x00000000080060f4       0x1a Drivers/STM32WBxx_HAL_Driver/stm32wbxx_hal_rcc.o
 .text.LL_RCC_PLL_GetR
                0x000000000800610e       0x18 Drivers/STM32WBxx_HAL_Driver/stm32wbxx_hal_rcc.o
 .text.LL_RCC_PLL_GetDivider
                0x0000000008006126       0x18 Drivers/STM32WBxx_HAL_Driver/stm32wbxx_hal_rcc.o
 .text.LL_RCC_PLL_GetMainSource
                0x000000000800613e       0x18 Drivers/STM32WBxx_HAL_Driver/stm32wbxx_hal_rcc.o
 .text.LL_RCC_IsActiveFlag_HPRE
                0x0000000008006156       0x24 Drivers/STM32WBxx_HAL_Driver/stm32wbxx_hal_rcc.o
 .text.LL_RCC_IsActiveFlag_C2HPRE
                0x000000000800617a       0x26 Drivers/STM32WBxx_HAL_Driver/stm32wbxx_hal_rcc.o
 .text.LL_RCC_IsActiveFlag_SHDHPRE
                0x00000000080061a0       0x26 Drivers/STM32WBxx_HAL_Driver/stm32wbxx_hal_rcc.o
 .text.LL_RCC_IsActiveFlag_PPRE1
                0x00000000080061c6       0x24 Drivers/STM32WBxx_HAL_Driver/stm32wbxx_hal_rcc.o
 .text.LL_RCC_IsActiveFlag_PPRE2
                0x00000000080061ea       0x24 Drivers/STM32WBxx_HAL_Driver/stm32wbxx_hal_rcc.o
 *fill*         0x000000000800620e        0x2 
 .text.HAL_RCC_OscConfig
                0x0000000008006210      0x718 Drivers/STM32WBxx_HAL_Driver/stm32wbxx_hal_rcc.o
                0x0000000008006210                HAL_RCC_OscConfig
 .text.HAL_RCC_ClockConfig
                0x0000000008006928      0x280 Drivers/STM32WBxx_HAL_Driver/stm32wbxx_hal_rcc.o
                0x0000000008006928                HAL_RCC_ClockConfig
 .text.HAL_RCC_GetSysClockFreq
                0x0000000008006ba8       0xd8 Drivers/STM32WBxx_HAL_Driver/stm32wbxx_hal_rcc.o
                0x0000000008006ba8                HAL_RCC_GetSysClockFreq
 .text.HAL_RCC_GetHCLKFreq
                0x0000000008006c80       0x28 Drivers/STM32WBxx_HAL_Driver/stm32wbxx_hal_rcc.o
                0x0000000008006c80                HAL_RCC_GetHCLKFreq
 .text.HAL_RCC_GetPCLK1Freq
                0x0000000008006ca8       0x2c Drivers/STM32WBxx_HAL_Driver/stm32wbxx_hal_rcc.o
                0x0000000008006ca8                HAL_RCC_GetPCLK1Freq
 .text.HAL_RCC_GetPCLK2Freq
                0x0000000008006cd4       0x2c Drivers/STM32WBxx_HAL_Driver/stm32wbxx_hal_rcc.o
                0x0000000008006cd4                HAL_RCC_GetPCLK2Freq
 .text.RCC_SetFlashLatencyFromMSIRange
                0x0000000008006d00       0x70 Drivers/STM32WBxx_HAL_Driver/stm32wbxx_hal_rcc.o
 .text.RCC_SetFlashLatency
                0x0000000008006d70      0x100 Drivers/STM32WBxx_HAL_Driver/stm32wbxx_hal_rcc.o
 .text.LL_RCC_LSE_IsEnabled
                0x0000000008006e70       0x24 Drivers/STM32WBxx_HAL_Driver/stm32wbxx_hal_rcc_ex.o
 .text.LL_RCC_LSE_IsReady
                0x0000000008006e94       0x24 Drivers/STM32WBxx_HAL_Driver/stm32wbxx_hal_rcc_ex.o
 .text.LL_RCC_SetRFWKPClockSource
                0x0000000008006eb8       0x2c Drivers/STM32WBxx_HAL_Driver/stm32wbxx_hal_rcc_ex.o
 .text.LL_RCC_SetSMPSClockSource
                0x0000000008006ee4       0x28 Drivers/STM32WBxx_HAL_Driver/stm32wbxx_hal_rcc_ex.o
 .text.LL_RCC_SetSMPSPrescaler
                0x0000000008006f0c       0x28 Drivers/STM32WBxx_HAL_Driver/stm32wbxx_hal_rcc_ex.o
 .text.LL_RCC_SetUSARTClockSource
                0x0000000008006f34       0x2c Drivers/STM32WBxx_HAL_Driver/stm32wbxx_hal_rcc_ex.o
 .text.LL_RCC_SetLPUARTClockSource
                0x0000000008006f60       0x2c Drivers/STM32WBxx_HAL_Driver/stm32wbxx_hal_rcc_ex.o
 .text.LL_RCC_SetI2CClockSource
                0x0000000008006f8c       0x3a Drivers/STM32WBxx_HAL_Driver/stm32wbxx_hal_rcc_ex.o
 .text.LL_RCC_SetLPTIMClockSource
                0x0000000008006fc6       0x34 Drivers/STM32WBxx_HAL_Driver/stm32wbxx_hal_rcc_ex.o
 .text.LL_RCC_SetSAIClockSource
                0x0000000008006ffa       0x2c Drivers/STM32WBxx_HAL_Driver/stm32wbxx_hal_rcc_ex.o
 .text.LL_RCC_SetRNGClockSource
                0x0000000008007026       0x2c Drivers/STM32WBxx_HAL_Driver/stm32wbxx_hal_rcc_ex.o
 .text.LL_RCC_SetCLK48ClockSource
                0x0000000008007052       0x2c Drivers/STM32WBxx_HAL_Driver/stm32wbxx_hal_rcc_ex.o
 .text.LL_RCC_SetUSBClockSource
                0x000000000800707e       0x16 Drivers/STM32WBxx_HAL_Driver/stm32wbxx_hal_rcc_ex.o
 .text.LL_RCC_SetADCClockSource
                0x0000000008007094       0x2c Drivers/STM32WBxx_HAL_Driver/stm32wbxx_hal_rcc_ex.o
 .text.LL_RCC_SetRTCClockSource
                0x00000000080070c0       0x2c Drivers/STM32WBxx_HAL_Driver/stm32wbxx_hal_rcc_ex.o
 .text.LL_RCC_GetRTCClockSource
                0x00000000080070ec       0x1a Drivers/STM32WBxx_HAL_Driver/stm32wbxx_hal_rcc_ex.o
 .text.LL_RCC_ForceBackupDomainReset
                0x0000000008007106       0x22 Drivers/STM32WBxx_HAL_Driver/stm32wbxx_hal_rcc_ex.o
 .text.LL_RCC_ReleaseBackupDomainReset
                0x0000000008007128       0x22 Drivers/STM32WBxx_HAL_Driver/stm32wbxx_hal_rcc_ex.o
 .text.LL_RCC_PLLSAI1_Enable
                0x000000000800714a       0x1e Drivers/STM32WBxx_HAL_Driver/stm32wbxx_hal_rcc_ex.o
 .text.LL_RCC_PLLSAI1_Disable
                0x0000000008007168       0x1e Drivers/STM32WBxx_HAL_Driver/stm32wbxx_hal_rcc_ex.o
 .text.LL_RCC_PLLSAI1_IsReady
                0x0000000008007186       0x24 Drivers/STM32WBxx_HAL_Driver/stm32wbxx_hal_rcc_ex.o
 .text.HAL_RCCEx_PeriphCLKConfig
                0x00000000080071aa      0x2ec Drivers/STM32WBxx_HAL_Driver/stm32wbxx_hal_rcc_ex.o
                0x00000000080071aa                HAL_RCCEx_PeriphCLKConfig
 .text.RCCEx_PLLSAI1_ConfigNP
                0x0000000008007496       0xb6 Drivers/STM32WBxx_HAL_Driver/stm32wbxx_hal_rcc_ex.o
 .text.RCCEx_PLLSAI1_ConfigNQ
                0x000000000800754c       0xb6 Drivers/STM32WBxx_HAL_Driver/stm32wbxx_hal_rcc_ex.o
 .text.RCCEx_PLLSAI1_ConfigNR
                0x0000000008007602       0xb6 Drivers/STM32WBxx_HAL_Driver/stm32wbxx_hal_rcc_ex.o
 .text.HAL_RTC_Init
                0x00000000080076b8      0x13c Drivers/STM32WBxx_HAL_Driver/stm32wbxx_hal_rtc.o
                0x00000000080076b8                HAL_RTC_Init
 .text.HAL_RTC_WaitForSynchro
                0x00000000080077f4       0x4c Drivers/STM32WBxx_HAL_Driver/stm32wbxx_hal_rtc.o
                0x00000000080077f4                HAL_RTC_WaitForSynchro
 .text.RTC_EnterInitMode
                0x0000000008007840       0x54 Drivers/STM32WBxx_HAL_Driver/stm32wbxx_hal_rtc.o
                0x0000000008007840                RTC_EnterInitMode
 .text.HAL_RTCEx_EnableBypassShadow
                0x0000000008007894       0x6c Drivers/STM32WBxx_HAL_Driver/stm32wbxx_hal_rtc_ex.o
                0x0000000008007894                HAL_RTCEx_EnableBypassShadow
 .text.LL_RCC_GetUSARTClockSource
                0x0000000008007900       0x20 Drivers/STM32WBxx_HAL_Driver/stm32wbxx_hal_uart.o
 .text.LL_RCC_GetLPUARTClockSource
                0x0000000008007920       0x20 Drivers/STM32WBxx_HAL_Driver/stm32wbxx_hal_uart.o
 .text.HAL_UART_Init
                0x0000000008007940       0xa0 Drivers/STM32WBxx_HAL_Driver/stm32wbxx_hal_uart.o
                0x0000000008007940                HAL_UART_Init
 .text.HAL_UART_Transmit_DMA
                0x00000000080079e0      0x100 Drivers/STM32WBxx_HAL_Driver/stm32wbxx_hal_uart.o
                0x00000000080079e0                HAL_UART_Transmit_DMA
 .text.HAL_UART_IRQHandler
                0x0000000008007ae0      0x2fc Drivers/STM32WBxx_HAL_Driver/stm32wbxx_hal_uart.o
                0x0000000008007ae0                HAL_UART_IRQHandler
 .text.HAL_UART_TxHalfCpltCallback
                0x0000000008007ddc       0x14 Drivers/STM32WBxx_HAL_Driver/stm32wbxx_hal_uart.o
                0x0000000008007ddc                HAL_UART_TxHalfCpltCallback
 .text.HAL_UART_ErrorCallback
                0x0000000008007df0       0x14 Drivers/STM32WBxx_HAL_Driver/stm32wbxx_hal_uart.o
                0x0000000008007df0                HAL_UART_ErrorCallback
 .text.UART_SetConfig
                0x0000000008007e04      0x414 Drivers/STM32WBxx_HAL_Driver/stm32wbxx_hal_uart.o
                0x0000000008007e04                UART_SetConfig
 .text.UART_AdvFeatureConfig
                0x0000000008008218      0x144 Drivers/STM32WBxx_HAL_Driver/stm32wbxx_hal_uart.o
                0x0000000008008218                UART_AdvFeatureConfig
 .text.UART_CheckIdleState
                0x000000000800835c       0x90 Drivers/STM32WBxx_HAL_Driver/stm32wbxx_hal_uart.o
                0x000000000800835c                UART_CheckIdleState
 .text.UART_WaitOnFlagUntilTimeout
                0x00000000080083ec      0x100 Drivers/STM32WBxx_HAL_Driver/stm32wbxx_hal_uart.o
                0x00000000080083ec                UART_WaitOnFlagUntilTimeout
 .text.UART_EndTxTransfer
                0x00000000080084ec       0x3c Drivers/STM32WBxx_HAL_Driver/stm32wbxx_hal_uart.o
 .text.UART_EndRxTransfer
                0x0000000008008528       0x46 Drivers/STM32WBxx_HAL_Driver/stm32wbxx_hal_uart.o
 .text.UART_DMATransmitCplt
                0x000000000800856e       0x54 Drivers/STM32WBxx_HAL_Driver/stm32wbxx_hal_uart.o
 .text.UART_DMATxHalfCplt
                0x00000000080085c2       0x1c Drivers/STM32WBxx_HAL_Driver/stm32wbxx_hal_uart.o
 .text.UART_DMAError
                0x00000000080085de       0x80 Drivers/STM32WBxx_HAL_Driver/stm32wbxx_hal_uart.o
 .text.UART_DMAAbortOnError
                0x000000000800865e       0x2c Drivers/STM32WBxx_HAL_Driver/stm32wbxx_hal_uart.o
 .text.UART_EndTransmit_IT
                0x000000000800868a       0x34 Drivers/STM32WBxx_HAL_Driver/stm32wbxx_hal_uart.o
 .text.HAL_UARTEx_WakeupCallback
                0x00000000080086be       0x14 Drivers/STM32WBxx_HAL_Driver/stm32wbxx_hal_uart_ex.o
                0x00000000080086be                HAL_UARTEx_WakeupCallback
 .text.HAL_UARTEx_RxFifoFullCallback
                0x00000000080086d2       0x14 Drivers/STM32WBxx_HAL_Driver/stm32wbxx_hal_uart_ex.o
                0x00000000080086d2                HAL_UARTEx_RxFifoFullCallback
 .text.HAL_UARTEx_TxFifoEmptyCallback
                0x00000000080086e6       0x14 Drivers/STM32WBxx_HAL_Driver/stm32wbxx_hal_uart_ex.o
                0x00000000080086e6                HAL_UARTEx_TxFifoEmptyCallback
 .text.HAL_UARTEx_DisableFifoMode
                0x00000000080086fa       0x72 Drivers/STM32WBxx_HAL_Driver/stm32wbxx_hal_uart_ex.o
                0x00000000080086fa                HAL_UARTEx_DisableFifoMode
 .text.HAL_UARTEx_SetTxFifoThreshold
                0x000000000800876c       0x7c Drivers/STM32WBxx_HAL_Driver/stm32wbxx_hal_uart_ex.o
                0x000000000800876c                HAL_UARTEx_SetTxFifoThreshold
 .text.HAL_UARTEx_SetRxFifoThreshold
                0x00000000080087e8       0x7c Drivers/STM32WBxx_HAL_Driver/stm32wbxx_hal_uart_ex.o
                0x00000000080087e8                HAL_UARTEx_SetRxFifoThreshold
 .text.UARTEx_SetNbDataToProcess
                0x0000000008008864       0xd0 Drivers/STM32WBxx_HAL_Driver/stm32wbxx_hal_uart_ex.o
 .text.aci_gap_set_discoverable
                0x0000000008008934      0x1bc Middlewares/STM32_WPAN/ble_gap_aci.o
                0x0000000008008934                aci_gap_set_discoverable
 .text.aci_gap_set_io_capability
                0x0000000008008af0       0x94 Middlewares/STM32_WPAN/ble_gap_aci.o
                0x0000000008008af0                aci_gap_set_io_capability
 .text.aci_gap_set_authentication_requirement
                0x0000000008008b84      0x150 Middlewares/STM32_WPAN/ble_gap_aci.o
                0x0000000008008b84                aci_gap_set_authentication_requirement
 .text.aci_gap_init
                0x0000000008008cd4      0x116 Middlewares/STM32_WPAN/ble_gap_aci.o
                0x0000000008008cd4                aci_gap_init
 .text.aci_gap_update_adv_data
                0x0000000008008dea       0xb8 Middlewares/STM32_WPAN/ble_gap_aci.o
                0x0000000008008dea                aci_gap_update_adv_data
 .text.aci_gap_configure_whitelist
                0x0000000008008ea2       0x48 Middlewares/STM32_WPAN/ble_gap_aci.o
                0x0000000008008ea2                aci_gap_configure_whitelist
 .text.aci_gap_start_general_discovery_proc
                0x0000000008008eea       0xf0 Middlewares/STM32_WPAN/ble_gap_aci.o
                0x0000000008008eea                aci_gap_start_general_discovery_proc
 .text.aci_gap_create_connection
                0x0000000008008fda      0x18a Middlewares/STM32_WPAN/ble_gap_aci.o
                0x0000000008008fda                aci_gap_create_connection
 .text.aci_gatt_init
                0x0000000008009164       0x4a Middlewares/STM32_WPAN/ble_gatt_aci.o
                0x0000000008009164                aci_gatt_init
 .text.aci_gatt_add_service
                0x00000000080091ae      0x15e Middlewares/STM32_WPAN/ble_gatt_aci.o
                0x00000000080091ae                aci_gatt_add_service
 .text.aci_gatt_add_char
                0x000000000800930c      0x1d4 Middlewares/STM32_WPAN/ble_gatt_aci.o
                0x000000000800930c                aci_gatt_add_char
 .text.aci_gatt_update_char_value
                0x00000000080094e0      0x10e Middlewares/STM32_WPAN/ble_gatt_aci.o
                0x00000000080094e0                aci_gatt_update_char_value
 .text.aci_gatt_disc_all_primary_services
                0x00000000080095ee       0x9c Middlewares/STM32_WPAN/ble_gatt_aci.o
                0x00000000080095ee                aci_gatt_disc_all_primary_services
 .text.aci_gatt_disc_all_char_of_service
                0x000000000800968a       0xd6 Middlewares/STM32_WPAN/ble_gatt_aci.o
                0x000000000800968a                aci_gatt_disc_all_char_of_service
 .text.aci_gatt_disc_all_char_desc
                0x0000000008009760       0xd6 Middlewares/STM32_WPAN/ble_gatt_aci.o
                0x0000000008009760                aci_gatt_disc_all_char_desc
 .text.aci_gatt_write_char_desc
                0x0000000008009836      0x10a Middlewares/STM32_WPAN/ble_gatt_aci.o
                0x0000000008009836                aci_gatt_write_char_desc
 .text.aci_gatt_write_without_resp
                0x0000000008009940      0x104 Middlewares/STM32_WPAN/ble_gatt_aci.o
                0x0000000008009940                aci_gatt_write_without_resp
 .text.aci_hal_write_config_data
                0x0000000008009a44       0xd2 Middlewares/STM32_WPAN/ble_hal_aci.o
                0x0000000008009a44                aci_hal_write_config_data
 .text.aci_hal_set_tx_power_level
                0x0000000008009b16       0xae Middlewares/STM32_WPAN/ble_hal_aci.o
                0x0000000008009b16                aci_hal_set_tx_power_level
 .text.hci_reset
                0x0000000008009bc4       0x48 Middlewares/STM32_WPAN/ble_hci_le.o
                0x0000000008009bc4                hci_reset
 .text.aci_l2cap_connection_parameter_update_resp
                0x0000000008009c0c      0x150 Middlewares/STM32_WPAN/ble_l2cap_aci.o
                0x0000000008009c0c                aci_l2cap_connection_parameter_update_resp
 .text.DbgTrace_TxCpltCallback
                0x0000000008009d5c       0x70 Middlewares/STM32_WPAN/dbg_trace.o
 .text.DbgTraceInit
                0x0000000008009dcc       0x2c Middlewares/STM32_WPAN/dbg_trace.o
                0x0000000008009dcc                DbgTraceInit
 .text._write   0x0000000008009df8       0x20 Middlewares/STM32_WPAN/dbg_trace.o
                0x0000000008009df8                _write
 .text.DbgTraceWrite
                0x0000000008009e18       0xb0 Middlewares/STM32_WPAN/dbg_trace.o
                0x0000000008009e18                DbgTraceWrite
 .text.EndDeviceManagement_Event_Handler
                0x0000000008009ec8       0x98 Middlewares/STM32_WPAN/eds_stm.o
 .text.EDS_STM_Init
                0x0000000008009f60       0xd8 Middlewares/STM32_WPAN/eds_stm.o
                0x0000000008009f60                EDS_STM_Init
 .text.EDS_STM_Update_Char
                0x000000000800a038       0x44 Middlewares/STM32_WPAN/eds_stm.o
                0x000000000800a038                EDS_STM_Update_Char
 .text.hci_init
                0x000000000800a07c       0x38 Middlewares/STM32_WPAN/hci_tl.o
                0x000000000800a07c                hci_init
 .text.hci_user_evt_proc
                0x000000000800a0b4       0x9c Middlewares/STM32_WPAN/hci_tl.o
                0x000000000800a0b4                hci_user_evt_proc
 .text.hci_send_req
                0x000000000800a150       0xfc Middlewares/STM32_WPAN/hci_tl.o
                0x000000000800a150                hci_send_req
 .text.TlInit   0x000000000800a24c       0x60 Middlewares/STM32_WPAN/hci_tl.o
 .text.SendCmd  0x000000000800a2ac       0x4c Middlewares/STM32_WPAN/hci_tl.o
 .text.NotifyCmdStatus
                0x000000000800a2f8       0x40 Middlewares/STM32_WPAN/hci_tl.o
 .text.TlEvtReceived
                0x000000000800a338       0x48 Middlewares/STM32_WPAN/hci_tl.o
 .text.hci_register_io_bus
                0x000000000800a380       0x28 Middlewares/STM32_WPAN/hci_tl_if.o
                0x000000000800a380                hci_register_io_bus
 .text.Osal_MemCpy
                0x000000000800a3a8       0x20 Middlewares/STM32_WPAN/osal.o
                0x000000000800a3a8                Osal_MemCpy
 .text.Osal_MemSet
                0x000000000800a3c8       0x20 Middlewares/STM32_WPAN/osal.o
                0x000000000800a3c8                Osal_MemSet
 .text.OTP_Read
                0x000000000800a3e8       0x50 Middlewares/STM32_WPAN/otp.o
                0x000000000800a3e8                OTP_Read
 .text.PeerToPeer_Event_Handler
                0x000000000800a438       0xc8 Middlewares/STM32_WPAN/p2p_stm.o
 .text.P2PS_STM_Init
                0x000000000800a500      0x140 Middlewares/STM32_WPAN/p2p_stm.o
                0x000000000800a500                P2PS_STM_Init
 .text.P2PS_STM_App_Update_Char
                0x000000000800a640       0x44 Middlewares/STM32_WPAN/p2p_stm.o
                0x000000000800a640                P2PS_STM_App_Update_Char
 .text.SHCI_C2_BLE_Init
                0x000000000800a684       0x2e Middlewares/STM32_WPAN/shci.o
                0x000000000800a684                SHCI_C2_BLE_Init
 .text.SHCI_C2_DEBUG_Init
                0x000000000800a6b2       0x2e Middlewares/STM32_WPAN/shci.o
                0x000000000800a6b2                SHCI_C2_DEBUG_Init
 .text.shci_init
                0x000000000800a6e0       0x38 Middlewares/STM32_WPAN/shci_tl.o
                0x000000000800a6e0                shci_init
 .text.shci_user_evt_proc
                0x000000000800a718       0x9c Middlewares/STM32_WPAN/shci_tl.o
                0x000000000800a718                shci_user_evt_proc
 .text.shci_send
                0x000000000800a7b4       0x7c Middlewares/STM32_WPAN/shci_tl.o
                0x000000000800a7b4                shci_send
 .text.TlInit   0x000000000800a830       0x64 Middlewares/STM32_WPAN/shci_tl.o
 .text.Cmd_SetStatus
                0x000000000800a894       0x50 Middlewares/STM32_WPAN/shci_tl.o
 .text.TlCmdEvtReceived
                0x000000000800a8e4       0x16 Middlewares/STM32_WPAN/shci_tl.o
 *fill*         0x000000000800a8fa        0x2 
 .text.TlUserEvtReceived
                0x000000000800a8fc       0x24 Middlewares/STM32_WPAN/shci_tl.o
 .text.shci_register_io_bus
                0x000000000800a920       0x28 Middlewares/STM32_WPAN/shci_tl_if.o
                0x000000000800a920                shci_register_io_bus
 .text.LST_init_head
                0x000000000800a948       0x20 Middlewares/STM32_WPAN/stm_list.o
                0x000000000800a948                LST_init_head
 .text.LST_is_empty
                0x000000000800a968       0x44 Middlewares/STM32_WPAN/stm_list.o
                0x000000000800a968                LST_is_empty
 .text.LST_insert_head
                0x000000000800a9ac       0x4c Middlewares/STM32_WPAN/stm_list.o
                0x000000000800a9ac                LST_insert_head
 .text.LST_insert_tail
                0x000000000800a9f8       0x4c Middlewares/STM32_WPAN/stm_list.o
                0x000000000800a9f8                LST_insert_tail
 .text.LST_remove_node
                0x000000000800aa44       0x42 Middlewares/STM32_WPAN/stm_list.o
                0x000000000800aa44                LST_remove_node
 .text.LST_remove_head
                0x000000000800aa86       0x3e Middlewares/STM32_WPAN/stm_list.o
                0x000000000800aa86                LST_remove_head
 .text.CircularQueue_Init
                0x000000000800aac4       0x64 Middlewares/STM32_WPAN/stm_queue.o
                0x000000000800aac4                CircularQueue_Init
 .text.CircularQueue_Add
                0x000000000800ab28      0x44e Middlewares/STM32_WPAN/stm_queue.o
                0x000000000800ab28                CircularQueue_Add
 .text.CircularQueue_Remove
                0x000000000800af76      0x1e8 Middlewares/STM32_WPAN/stm_queue.o
                0x000000000800af76                CircularQueue_Remove
 .text.CircularQueue_Sense
                0x000000000800b15e      0x16a Middlewares/STM32_WPAN/stm_queue.o
                0x000000000800b15e                CircularQueue_Sense
 .text.BLS_Init
                0x000000000800b2c8        0xe Middlewares/STM32_WPAN/svc_ctl.o
                0x000000000800b2c8                BLS_Init
 .text.CRS_STM_Init
                0x000000000800b2d6        0xe Middlewares/STM32_WPAN/svc_ctl.o
                0x000000000800b2d6                CRS_STM_Init
 .text.DIS_Init
                0x000000000800b2e4        0xe Middlewares/STM32_WPAN/svc_ctl.o
                0x000000000800b2e4                DIS_Init
 .text.HIDS_Init
                0x000000000800b2f2        0xe Middlewares/STM32_WPAN/svc_ctl.o
                0x000000000800b2f2                HIDS_Init
 .text.HRS_Init
                0x000000000800b300        0xe Middlewares/STM32_WPAN/svc_ctl.o
                0x000000000800b300                HRS_Init
 .text.HTS_Init
                0x000000000800b30e        0xe Middlewares/STM32_WPAN/svc_ctl.o
                0x000000000800b30e                HTS_Init
 .text.IAS_Init
                0x000000000800b31c        0xe Middlewares/STM32_WPAN/svc_ctl.o
                0x000000000800b31c                IAS_Init
 .text.LLS_Init
                0x000000000800b32a        0xe Middlewares/STM32_WPAN/svc_ctl.o
                0x000000000800b32a                LLS_Init
 .text.TPS_Init
                0x000000000800b338        0xe Middlewares/STM32_WPAN/svc_ctl.o
                0x000000000800b338                TPS_Init
 .text.MOTENV_STM_Init
                0x000000000800b346        0xe Middlewares/STM32_WPAN/svc_ctl.o
                0x000000000800b346                MOTENV_STM_Init
 .text.OTAS_STM_Init
                0x000000000800b354        0xe Middlewares/STM32_WPAN/svc_ctl.o
                0x000000000800b354                OTAS_STM_Init
 .text.MESH_Init
                0x000000000800b362        0xe Middlewares/STM32_WPAN/svc_ctl.o
                0x000000000800b362                MESH_Init
 .text.BVOPUS_STM_Init
                0x000000000800b370        0xe Middlewares/STM32_WPAN/svc_ctl.o
                0x000000000800b370                BVOPUS_STM_Init
 .text.SVCCTL_InitCustomSvc
                0x000000000800b37e        0xe Middlewares/STM32_WPAN/svc_ctl.o
                0x000000000800b37e                SVCCTL_InitCustomSvc
 .text.SVCCTL_Init
                0x000000000800b38c       0x20 Middlewares/STM32_WPAN/svc_ctl.o
                0x000000000800b38c                SVCCTL_Init
 .text.SVCCTL_SvcInit
                0x000000000800b3ac       0x48 Middlewares/STM32_WPAN/svc_ctl.o
                0x000000000800b3ac                SVCCTL_SvcInit
 .text.SVCCTL_RegisterSvcHandler
                0x000000000800b3f4       0x34 Middlewares/STM32_WPAN/svc_ctl.o
                0x000000000800b3f4                SVCCTL_RegisterSvcHandler
 .text.SVCCTL_RegisterCltHandler
                0x000000000800b428       0x34 Middlewares/STM32_WPAN/svc_ctl.o
                0x000000000800b428                SVCCTL_RegisterCltHandler
 .text.SVCCTL_UserEvtRx
                0x000000000800b45c       0xe0 Middlewares/STM32_WPAN/svc_ctl.o
                0x000000000800b45c                SVCCTL_UserEvtRx
 .text.TL_Enable
                0x000000000800b53c        0xc Middlewares/STM32_WPAN/tl_mbox.o
                0x000000000800b53c                TL_Enable
 .text.TL_Init  0x000000000800b548       0x74 Middlewares/STM32_WPAN/tl_mbox.o
                0x000000000800b548                TL_Init
 .text.TL_BLE_Init
                0x000000000800b5bc       0x68 Middlewares/STM32_WPAN/tl_mbox.o
                0x000000000800b5bc                TL_BLE_Init
 .text.TL_BLE_SendCmd
                0x000000000800b624       0x38 Middlewares/STM32_WPAN/tl_mbox.o
                0x000000000800b624                TL_BLE_SendCmd
 .text.HW_IPCC_BLE_RxEvtNot
                0x000000000800b65c       0x60 Middlewares/STM32_WPAN/tl_mbox.o
                0x000000000800b65c                HW_IPCC_BLE_RxEvtNot
 .text.HW_IPCC_BLE_AclDataAckNot
                0x000000000800b6bc       0x14 Middlewares/STM32_WPAN/tl_mbox.o
                0x000000000800b6bc                HW_IPCC_BLE_AclDataAckNot
 .text.TL_SYS_Init
                0x000000000800b6d0       0x54 Middlewares/STM32_WPAN/tl_mbox.o
                0x000000000800b6d0                TL_SYS_Init
 .text.TL_SYS_SendCmd
                0x000000000800b724       0x38 Middlewares/STM32_WPAN/tl_mbox.o
                0x000000000800b724                TL_SYS_SendCmd
 .text.HW_IPCC_SYS_CmdEvtNot
                0x000000000800b75c       0x2c Middlewares/STM32_WPAN/tl_mbox.o
                0x000000000800b75c                HW_IPCC_SYS_CmdEvtNot
 .text.HW_IPCC_SYS_EvtNot
                0x000000000800b788       0x44 Middlewares/STM32_WPAN/tl_mbox.o
                0x000000000800b788                HW_IPCC_SYS_EvtNot
 .text.TL_MM_Init
                0x000000000800b7cc       0x78 Middlewares/STM32_WPAN/tl_mbox.o
                0x000000000800b7cc                TL_MM_Init
 .text.TL_MM_EvtDone
                0x000000000800b844       0x30 Middlewares/STM32_WPAN/tl_mbox.o
                0x000000000800b844                TL_MM_EvtDone
 .text.SendFreeBuf
                0x000000000800b874       0x40 Middlewares/STM32_WPAN/tl_mbox.o
 .text.TL_TRACES_Init
                0x000000000800b8b4       0x24 Middlewares/STM32_WPAN/tl_mbox.o
                0x000000000800b8b4                TL_TRACES_Init
 .text.HW_IPCC_TRACES_EvtNot
                0x000000000800b8d8       0x34 Middlewares/STM32_WPAN/tl_mbox.o
                0x000000000800b8d8                HW_IPCC_TRACES_EvtNot
 .text.TL_TRACES_EvtReceived
                0x000000000800b90c       0x14 Middlewares/STM32_WPAN/tl_mbox.o
                0x000000000800b90c                TL_TRACES_EvtReceived
 .text.OutputDbgTrace
                0x000000000800b920       0xac Middlewares/STM32_WPAN/tl_mbox.o
 .text.UTIL_LPM_Init
                0x000000000800b9cc       0x24 Utilities/stm32_lpm.o
                0x000000000800b9cc                UTIL_LPM_Init
 .text.UTIL_LPM_SetOffMode
                0x000000000800b9f0       0x60 Utilities/stm32_lpm.o
                0x000000000800b9f0                UTIL_LPM_SetOffMode
 .text.UTIL_SEQ_Run
                0x000000000800ba50      0x1c8 Utilities/stm32_seq.o
                0x000000000800ba50                UTIL_SEQ_Run
 .text.UTIL_SEQ_RegTask
                0x000000000800bc18       0x44 Utilities/stm32_seq.o
                0x000000000800bc18                UTIL_SEQ_RegTask
 .text.UTIL_SEQ_SetTask
                0x000000000800bc5c       0x58 Utilities/stm32_seq.o
                0x000000000800bc5c                UTIL_SEQ_SetTask
 .text.UTIL_SEQ_PauseTask
                0x000000000800bcb4       0x40 Utilities/stm32_seq.o
                0x000000000800bcb4                UTIL_SEQ_PauseTask
 .text.UTIL_SEQ_ResumeTask
                0x000000000800bcf4       0x40 Utilities/stm32_seq.o
                0x000000000800bcf4                UTIL_SEQ_ResumeTask
 .text.UTIL_SEQ_SetEvt
                0x000000000800bd34       0x40 Utilities/stm32_seq.o
                0x000000000800bd34                UTIL_SEQ_SetEvt
 .text.UTIL_SEQ_WaitEvt
                0x000000000800bd74       0x84 Utilities/stm32_seq.o
                0x000000000800bd74                UTIL_SEQ_WaitEvt
 .text.UTIL_SEQ_PreIdle
                0x000000000800bdf8        0xe Utilities/stm32_seq.o
                0x000000000800bdf8                UTIL_SEQ_PreIdle
 .text.UTIL_SEQ_PostIdle
                0x000000000800be06        0xe Utilities/stm32_seq.o
                0x000000000800be06                UTIL_SEQ_PostIdle
 .text.SEQ_BitPosition
                0x000000000800be14       0x74 Utilities/stm32_seq.o
                0x000000000800be14                SEQ_BitPosition
 .text.__errno  0x000000000800be88        0xc c:/st/stm32cubeide_1.3.0/stm32cubeide/plugins/com.st.stm32cube.ide.mcu.externaltools.gnu-tools-for-stm32.9-2020-q2-update.win32_1.5.0.202011040924/tools/bin/../lib/gcc/arm-none-eabi/9.3.1/../../../../arm-none-eabi/lib/thumb/v7e-m+fp/hard\libc_nano.a(lib_a-errno.o)
                0x000000000800be88                __errno
 .text.__libc_init_array
                0x000000000800be94       0x48 c:/st/stm32cubeide_1.3.0/stm32cubeide/plugins/com.st.stm32cube.ide.mcu.externaltools.gnu-tools-for-stm32.9-2020-q2-update.win32_1.5.0.202011040924/tools/bin/../lib/gcc/arm-none-eabi/9.3.1/../../../../arm-none-eabi/lib/thumb/v7e-m+fp/hard\libc_nano.a(lib_a-init.o)
                0x000000000800be94                __libc_init_array
 .text.memcpy   0x000000000800bedc       0x1c c:/st/stm32cubeide_1.3.0/stm32cubeide/plugins/com.st.stm32cube.ide.mcu.externaltools.gnu-tools-for-stm32.9-2020-q2-update.win32_1.5.0.202011040924/tools/bin/../lib/gcc/arm-none-eabi/9.3.1/../../../../arm-none-eabi/lib/thumb/v7e-m+fp/hard\libc_nano.a(lib_a-memcpy-stub.o)
                0x000000000800bedc                memcpy
 .text.memset   0x000000000800bef8       0x10 c:/st/stm32cubeide_1.3.0/stm32cubeide/plugins/com.st.stm32cube.ide.mcu.externaltools.gnu-tools-for-stm32.9-2020-q2-update.win32_1.5.0.202011040924/tools/bin/../lib/gcc/arm-none-eabi/9.3.1/../../../../arm-none-eabi/lib/thumb/v7e-m+fp/hard\libc_nano.a(lib_a-memset.o)
                0x000000000800bef8                memset
 .text.printf   0x000000000800bf08       0x30 c:/st/stm32cubeide_1.3.0/stm32cubeide/plugins/com.st.stm32cube.ide.mcu.externaltools.gnu-tools-for-stm32.9-2020-q2-update.win32_1.5.0.202011040924/tools/bin/../lib/gcc/arm-none-eabi/9.3.1/../../../../arm-none-eabi/lib/thumb/v7e-m+fp/hard\libc_nano.a(lib_a-printf.o)
                0x000000000800bf08                iprintf
                0x000000000800bf08                printf
 .text.putchar  0x000000000800bf38       0x2c c:/st/stm32cubeide_1.3.0/stm32cubeide/plugins/com.st.stm32cube.ide.mcu.externaltools.gnu-tools-for-stm32.9-2020-q2-update.win32_1.5.0.202011040924/tools/bin/../lib/gcc/arm-none-eabi/9.3.1/../../../../arm-none-eabi/lib/thumb/v7e-m+fp/hard\libc_nano.a(lib_a-putchar.o)
                0x000000000800bf38                putchar
 .text._puts_r  0x000000000800bf64       0xdc c:/st/stm32cubeide_1.3.0/stm32cubeide/plugins/com.st.stm32cube.ide.mcu.externaltools.gnu-tools-for-stm32.9-2020-q2-update.win32_1.5.0.202011040924/tools/bin/../lib/gcc/arm-none-eabi/9.3.1/../../../../arm-none-eabi/lib/thumb/v7e-m+fp/hard\libc_nano.a(lib_a-puts.o)
                0x000000000800bf64                _puts_r
 .text.puts     0x000000000800c040       0x10 c:/st/stm32cubeide_1.3.0/stm32cubeide/plugins/com.st.stm32cube.ide.mcu.externaltools.gnu-tools-for-stm32.9-2020-q2-update.win32_1.5.0.202011040924/tools/bin/../lib/gcc/arm-none-eabi/9.3.1/../../../../arm-none-eabi/lib/thumb/v7e-m+fp/hard\libc_nano.a(lib_a-puts.o)
                0x000000000800c040                puts
 .text.__swbuf_r
                0x000000000800c050       0xa4 c:/st/stm32cubeide_1.3.0/stm32cubeide/plugins/com.st.stm32cube.ide.mcu.externaltools.gnu-tools-for-stm32.9-2020-q2-update.win32_1.5.0.202011040924/tools/bin/../lib/gcc/arm-none-eabi/9.3.1/../../../../arm-none-eabi/lib/thumb/v7e-m+fp/hard\libc_nano.a(lib_a-wbuf.o)
                0x000000000800c050                __swbuf_r
 .text.__swsetup_r
                0x000000000800c0f4       0xdc c:/st/stm32cubeide_1.3.0/stm32cubeide/plugins/com.st.stm32cube.ide.mcu.externaltools.gnu-tools-for-stm32.9-2020-q2-update.win32_1.5.0.202011040924/tools/bin/../lib/gcc/arm-none-eabi/9.3.1/../../../../arm-none-eabi/lib/thumb/v7e-m+fp/hard\libc_nano.a(lib_a-wsetup.o)
                0x000000000800c0f4                __swsetup_r
 .text.__sflush_r
                0x000000000800c1d0      0x10c c:/st/stm32cubeide_1.3.0/stm32cubeide/plugins/com.st.stm32cube.ide.mcu.externaltools.gnu-tools-for-stm32.9-2020-q2-update.win32_1.5.0.202011040924/tools/bin/../lib/gcc/arm-none-eabi/9.3.1/../../../../arm-none-eabi/lib/thumb/v7e-m+fp/hard\libc_nano.a(lib_a-fflush.o)
                0x000000000800c1d0                __sflush_r
 .text._fflush_r
                0x000000000800c2dc       0x78 c:/st/stm32cubeide_1.3.0/stm32cubeide/plugins/com.st.stm32cube.ide.mcu.externaltools.gnu-tools-for-stm32.9-2020-q2-update.win32_1.5.0.202011040924/tools/bin/../lib/gcc/arm-none-eabi/9.3.1/../../../../arm-none-eabi/lib/thumb/v7e-m+fp/hard\libc_nano.a(lib_a-fflush.o)
                0x000000000800c2dc                _fflush_r
 .text.std      0x000000000800c354       0x48 c:/st/stm32cubeide_1.3.0/stm32cubeide/plugins/com.st.stm32cube.ide.mcu.externaltools.gnu-tools-for-stm32.9-2020-q2-update.win32_1.5.0.202011040924/tools/bin/../lib/gcc/arm-none-eabi/9.3.1/../../../../arm-none-eabi/lib/thumb/v7e-m+fp/hard\libc_nano.a(lib_a-findfp.o)
 .text._cleanup_r
                0x000000000800c39c        0xc c:/st/stm32cubeide_1.3.0/stm32cubeide/plugins/com.st.stm32cube.ide.mcu.externaltools.gnu-tools-for-stm32.9-2020-q2-update.win32_1.5.0.202011040924/tools/bin/../lib/gcc/arm-none-eabi/9.3.1/../../../../arm-none-eabi/lib/thumb/v7e-m+fp/hard\libc_nano.a(lib_a-findfp.o)
                0x000000000800c39c                _cleanup_r
 .text.__sfmoreglue
                0x000000000800c3a8       0x2c c:/st/stm32cubeide_1.3.0/stm32cubeide/plugins/com.st.stm32cube.ide.mcu.externaltools.gnu-tools-for-stm32.9-2020-q2-update.win32_1.5.0.202011040924/tools/bin/../lib/gcc/arm-none-eabi/9.3.1/../../../../arm-none-eabi/lib/thumb/v7e-m+fp/hard\libc_nano.a(lib_a-findfp.o)
                0x000000000800c3a8                __sfmoreglue
 .text.__sfp_lock_acquire
                0x000000000800c3d4        0xc c:/st/stm32cubeide_1.3.0/stm32cubeide/plugins/com.st.stm32cube.ide.mcu.externaltools.gnu-tools-for-stm32.9-2020-q2-update.win32_1.5.0.202011040924/tools/bin/../lib/gcc/arm-none-eabi/9.3.1/../../../../arm-none-eabi/lib/thumb/v7e-m+fp/hard\libc_nano.a(lib_a-findfp.o)
                0x000000000800c3d4                __sfp_lock_acquire
 .text.__sfp_lock_release
                0x000000000800c3e0        0xc c:/st/stm32cubeide_1.3.0/stm32cubeide/plugins/com.st.stm32cube.ide.mcu.externaltools.gnu-tools-for-stm32.9-2020-q2-update.win32_1.5.0.202011040924/tools/bin/../lib/gcc/arm-none-eabi/9.3.1/../../../../arm-none-eabi/lib/thumb/v7e-m+fp/hard\libc_nano.a(lib_a-findfp.o)
                0x000000000800c3e0                __sfp_lock_release
 .text.__sinit_lock_acquire
                0x000000000800c3ec        0xc c:/st/stm32cubeide_1.3.0/stm32cubeide/plugins/com.st.stm32cube.ide.mcu.externaltools.gnu-tools-for-stm32.9-2020-q2-update.win32_1.5.0.202011040924/tools/bin/../lib/gcc/arm-none-eabi/9.3.1/../../../../arm-none-eabi/lib/thumb/v7e-m+fp/hard\libc_nano.a(lib_a-findfp.o)
                0x000000000800c3ec                __sinit_lock_acquire
 .text.__sinit_lock_release
                0x000000000800c3f8        0xc c:/st/stm32cubeide_1.3.0/stm32cubeide/plugins/com.st.stm32cube.ide.mcu.externaltools.gnu-tools-for-stm32.9-2020-q2-update.win32_1.5.0.202011040924/tools/bin/../lib/gcc/arm-none-eabi/9.3.1/../../../../arm-none-eabi/lib/thumb/v7e-m+fp/hard\libc_nano.a(lib_a-findfp.o)
                0x000000000800c3f8                __sinit_lock_release
 .text.__sinit  0x000000000800c404       0x70 c:/st/stm32cubeide_1.3.0/stm32cubeide/plugins/com.st.stm32cube.ide.mcu.externaltools.gnu-tools-for-stm32.9-2020-q2-update.win32_1.5.0.202011040924/tools/bin/../lib/gcc/arm-none-eabi/9.3.1/../../../../arm-none-eabi/lib/thumb/v7e-m+fp/hard\libc_nano.a(lib_a-findfp.o)
                0x000000000800c404                __sinit
 .text.__sfp    0x000000000800c474       0x8c c:/st/stm32cubeide_1.3.0/stm32cubeide/plugins/com.st.stm32cube.ide.mcu.externaltools.gnu-tools-for-stm32.9-2020-q2-update.win32_1.5.0.202011040924/tools/bin/../lib/gcc/arm-none-eabi/9.3.1/../../../../arm-none-eabi/lib/thumb/v7e-m+fp/hard\libc_nano.a(lib_a-findfp.o)
                0x000000000800c474                __sfp
 .text._fwalk_reent
                0x000000000800c500       0x3e c:/st/stm32cubeide_1.3.0/stm32cubeide/plugins/com.st.stm32cube.ide.mcu.externaltools.gnu-tools-for-stm32.9-2020-q2-update.win32_1.5.0.202011040924/tools/bin/../lib/gcc/arm-none-eabi/9.3.1/../../../../arm-none-eabi/lib/thumb/v7e-m+fp/hard\libc_nano.a(lib_a-fwalk.o)
                0x000000000800c500                _fwalk_reent
 .text.__retarget_lock_init_recursive
                0x000000000800c53e        0x2 c:/st/stm32cubeide_1.3.0/stm32cubeide/plugins/com.st.stm32cube.ide.mcu.externaltools.gnu-tools-for-stm32.9-2020-q2-update.win32_1.5.0.202011040924/tools/bin/../lib/gcc/arm-none-eabi/9.3.1/../../../../arm-none-eabi/lib/thumb/v7e-m+fp/hard\libc_nano.a(lib_a-lock.o)
                0x000000000800c53e                __retarget_lock_init_recursive
 .text.__retarget_lock_acquire_recursive
                0x000000000800c540        0x2 c:/st/stm32cubeide_1.3.0/stm32cubeide/plugins/com.st.stm32cube.ide.mcu.externaltools.gnu-tools-for-stm32.9-2020-q2-update.win32_1.5.0.202011040924/tools/bin/../lib/gcc/arm-none-eabi/9.3.1/../../../../arm-none-eabi/lib/thumb/v7e-m+fp/hard\libc_nano.a(lib_a-lock.o)
                0x000000000800c540                __retarget_lock_acquire_recursive
 .text.__retarget_lock_release_recursive
                0x000000000800c542        0x2 c:/st/stm32cubeide_1.3.0/stm32cubeide/plugins/com.st.stm32cube.ide.mcu.externaltools.gnu-tools-for-stm32.9-2020-q2-update.win32_1.5.0.202011040924/tools/bin/../lib/gcc/arm-none-eabi/9.3.1/../../../../arm-none-eabi/lib/thumb/v7e-m+fp/hard\libc_nano.a(lib_a-lock.o)
                0x000000000800c542                __retarget_lock_release_recursive
 .text.__swhatbuf_r
                0x000000000800c544       0x48 c:/st/stm32cubeide_1.3.0/stm32cubeide/plugins/com.st.stm32cube.ide.mcu.externaltools.gnu-tools-for-stm32.9-2020-q2-update.win32_1.5.0.202011040924/tools/bin/../lib/gcc/arm-none-eabi/9.3.1/../../../../arm-none-eabi/lib/thumb/v7e-m+fp/hard\libc_nano.a(lib_a-makebuf.o)
                0x000000000800c544                __swhatbuf_r
 .text.__smakebuf_r
                0x000000000800c58c       0x80 c:/st/stm32cubeide_1.3.0/stm32cubeide/plugins/com.st.stm32cube.ide.mcu.externaltools.gnu-tools-for-stm32.9-2020-q2-update.win32_1.5.0.202011040924/tools/bin/../lib/gcc/arm-none-eabi/9.3.1/../../../../arm-none-eabi/lib/thumb/v7e-m+fp/hard\libc_nano.a(lib_a-makebuf.o)
                0x000000000800c58c                __smakebuf_r
 .text._free_r  0x000000000800c60c       0xa0 c:/st/stm32cubeide_1.3.0/stm32cubeide/plugins/com.st.stm32cube.ide.mcu.externaltools.gnu-tools-for-stm32.9-2020-q2-update.win32_1.5.0.202011040924/tools/bin/../lib/gcc/arm-none-eabi/9.3.1/../../../../arm-none-eabi/lib/thumb/v7e-m+fp/hard\libc_nano.a(lib_a-nano-freer.o)
                0x000000000800c60c                _free_r
 .text._malloc_r
                0x000000000800c6ac       0xb4 c:/st/stm32cubeide_1.3.0/stm32cubeide/plugins/com.st.stm32cube.ide.mcu.externaltools.gnu-tools-for-stm32.9-2020-q2-update.win32_1.5.0.202011040924/tools/bin/../lib/gcc/arm-none-eabi/9.3.1/../../../../arm-none-eabi/lib/thumb/v7e-m+fp/hard\libc_nano.a(lib_a-nano-mallocr.o)
                0x000000000800c6ac                _malloc_r
 .text.__sfputc_r
                0x000000000800c760       0x2e c:/st/stm32cubeide_1.3.0/stm32cubeide/plugins/com.st.stm32cube.ide.mcu.externaltools.gnu-tools-for-stm32.9-2020-q2-update.win32_1.5.0.202011040924/tools/bin/../lib/gcc/arm-none-eabi/9.3.1/../../../../arm-none-eabi/lib/thumb/v7e-m+fp/hard\libc_nano.a(lib_a-nano-vfprintf.o)
 .text.__sfputs_r
                0x000000000800c78e       0x24 c:/st/stm32cubeide_1.3.0/stm32cubeide/plugins/com.st.stm32cube.ide.mcu.externaltools.gnu-tools-for-stm32.9-2020-q2-update.win32_1.5.0.202011040924/tools/bin/../lib/gcc/arm-none-eabi/9.3.1/../../../../arm-none-eabi/lib/thumb/v7e-m+fp/hard\libc_nano.a(lib_a-nano-vfprintf.o)
                0x000000000800c78e                __sfputs_r
 *fill*         0x000000000800c7b2        0x2 
 .text._vfprintf_r
                0x000000000800c7b4      0x260 c:/st/stm32cubeide_1.3.0/stm32cubeide/plugins/com.st.stm32cube.ide.mcu.externaltools.gnu-tools-for-stm32.9-2020-q2-update.win32_1.5.0.202011040924/tools/bin/../lib/gcc/arm-none-eabi/9.3.1/../../../../arm-none-eabi/lib/thumb/v7e-m+fp/hard\libc_nano.a(lib_a-nano-vfprintf.o)
                0x000000000800c7b4                _vfprintf_r
                0x000000000800c7b4                _vfiprintf_r
 .text._printf_common
                0x000000000800ca14       0xda c:/st/stm32cubeide_1.3.0/stm32cubeide/plugins/com.st.stm32cube.ide.mcu.externaltools.gnu-tools-for-stm32.9-2020-q2-update.win32_1.5.0.202011040924/tools/bin/../lib/gcc/arm-none-eabi/9.3.1/../../../../arm-none-eabi/lib/thumb/v7e-m+fp/hard\libc_nano.a(lib_a-nano-vfprintf_i.o)
                0x000000000800ca14                _printf_common
 *fill*         0x000000000800caee        0x2 
 .text._printf_i
                0x000000000800caf0      0x24c c:/st/stm32cubeide_1.3.0/stm32cubeide/plugins/com.st.stm32cube.ide.mcu.externaltools.gnu-tools-for-stm32.9-2020-q2-update.win32_1.5.0.202011040924/tools/bin/../lib/gcc/arm-none-eabi/9.3.1/../../../../arm-none-eabi/lib/thumb/v7e-m+fp/hard\libc_nano.a(lib_a-nano-vfprintf_i.o)
                0x000000000800caf0                _printf_i
 .text._putc_r  0x000000000800cd3c       0x90 c:/st/stm32cubeide_1.3.0/stm32cubeide/plugins/com.st.stm32cube.ide.mcu.externaltools.gnu-tools-for-stm32.9-2020-q2-update.win32_1.5.0.202011040924/tools/bin/../lib/gcc/arm-none-eabi/9.3.1/../../../../arm-none-eabi/lib/thumb/v7e-m+fp/hard\libc_nano.a(lib_a-putc.o)
                0x000000000800cd3c                _putc_r