stm32wbxx_ll_system.h:2221:26:LL_FLASH_GetUDN	4	static
stm32wbxx_ll_system.h:2233:26:LL_FLASH_GetDeviceID	4	static
stm32wbxx_ll_system.h:2245:26:LL_FLASH_GetSTCompanyID	4	static
app_ble.c:391:6:APP_BLE_Init	64	static
app_ble.c:506:28:SVCCTL_App_Notification	128	static
app_ble.c:1115:22:APP_BLE_Get_Client_Connection_Status	24	static
app_ble.c:1161:6:APP_BLE_Key_Button1_Action	8	static
app_ble.c:1166:6:APP_BLE_Key_Button2_Action	4	static
app_ble.c:1170:6:APP_BLE_Key_Button3_Action	4	static
app_ble.c:1180:13:Ble_Tl_Init	16	static
app_ble.c:1191:13:Ble_Hci_Gap_Gatt_Init	80	static
app_ble.c:1343:13:Scan_Request	16	static
app_ble.c:1388:13:Adv_Request	48	static
app_ble.c:1439:13:ConnReq1	48	static
app_ble.c:1487:13:ConnReq2	48	static
app_ble.c:1528:13:ConnReq3	48	static
app_ble.c:1568:13:ConnReq4	48	static
app_ble.c:1608:13:ConnReq5	48	static
app_ble.c:1647:13:ConnReq6	48	static
app_ble.c:1690:6:Evt_Notification	24	static
app_ble.c:1796:16:BleGetBdAddress	32	static
app_ble.c:1844:6:hci_notify_asynch_evt	16	static
app_ble.c:1850:6:hci_cmd_resp_release	16	static
app_ble.c:1856:6:hci_cmd_resp_wait	16	static
app_ble.c:1862:13:BLE_UserEvtRx	24	static
app_ble.c:1880:13:BLE_StatusNot	24	static
app_ble.c:1911:6:SVCCTL_ResumeUserEventFlow	8	static
